Archive member included because of file (symbol)

contiki-sky.a(rimeaddr.o)     obj_sky/contiki-sky-main.o (rimeaddr_copy)
contiki-sky.a(nullrdc.o)      obj_sky/contiki-sky-main.o (nullrdc_driver)
contiki-sky.a(mac.o)          contiki-sky.a(nullrdc.o) (mac_call_sent_callback)
contiki-sky.a(framer-802154.o)
                              contiki-sky.a(nullrdc.o) (framer_802154)
contiki-sky.a(csma.o)         obj_sky/contiki-sky-main.o (csma_driver)
contiki-sky.a(process.o)      obj_sky/contiki-sky-main.o (process_init)
contiki-sky.a(autostart.o)    obj_sky/contiki-sky-main.o (autostart_start)
contiki-sky.a(memb.o)         contiki-sky.a(csma.o) (memb_init)
contiki-sky.a(timer.o)        obj_sky/contiki-sky-main.o (timer_set)
contiki-sky.a(list.o)         contiki-sky.a(csma.o) (list_init)
contiki-sky.a(etimer.o)       obj_sky/contiki-sky-main.o (etimer_process)
contiki-sky.a(ctimer.o)       obj_sky/contiki-sky-main.o (ctimer_init)
contiki-sky.a(energest.o)     obj_sky/contiki-sky-main.o (energest_init)
contiki-sky.a(rtimer.o)       obj_sky/contiki-sky-main.o (rtimer_init)
contiki-sky.a(random.o)       obj_sky/contiki-sky-main.o (random_init)
contiki-sky.a(packetbuf.o)    contiki-sky.a(framer-802154.o) (packetbuf_hdrreduce)
contiki-sky.a(queuebuf.o)     obj_sky/contiki-sky-main.o (queuebuf_init)
contiki-sky.a(sicslowpan.o)   obj_sky/contiki-sky-main.o (sicslowpan_driver)
contiki-sky.a(tcpip.o)        contiki-sky.a(sicslowpan.o) (tcpip_set_outputfunc)
contiki-sky.a(uip-ds6-route.o)
                              contiki-sky.a(tcpip.o) (uip_ds6_route_nexthop)
contiki-sky.a(uip-ds6-nbr.o)  contiki-sky.a(tcpip.o) (uip_ds6_nbr_add)
contiki-sky.a(uip-ds6.o)      contiki-sky.a(tcpip.o) (uip_ds6_is_addr_onlink)
contiki-sky.a(uip-nd6.o)      contiki-sky.a(tcpip.o) (uip_nd6_ns_output)
contiki-sky.a(uip6.o)         contiki-sky.a(sicslowpan.o) (uip_aligned_buf)
contiki-sky.a(er-coap-13.o)   res-server.co (coap_init_message)
contiki-sky.a(er-coap-13-engi)
                              res-server.co (coap_rest_implementation)
contiki-sky.a(er-coap-13-tran)
                              contiki-sky.a(er-coap-13-engi) (coap_register_as_transaction_handler)
contiki-sky.a(er-coap-13-obse)
                              contiki-sky.a(er-coap-13-tran) (coap_remove_observer_by_client)
contiki-sky.a(erbium.o)       res-server.co (rest_init_engine)
contiki-sky.a(contiki-sky-pla)
                              obj_sky/contiki-sky-main.o (init_platform)
contiki-sky.a(sht11-sensor.o)
                              res-server.co (sht11_sensor)
contiki-sky.a(button-sensor.o)
                              res-server.co (button_sensor)
contiki-sky.a(ds2411.o)       obj_sky/contiki-sky-main.o (ds2411_init)
contiki-sky.a(xmem.o)         obj_sky/contiki-sky-main.o (xmem_init)
contiki-sky.a(node-id.o)      obj_sky/contiki-sky-main.o (node_id_restore)
contiki-sky.a(sensors.o)      res-server.co (sensors_event)
contiki-sky.a(cc2420.o)       obj_sky/contiki-sky-main.o (cc2420_set_channel)
contiki-sky.a(cc2420-arch.o)  contiki-sky.a(cc2420.o) (cc2420_arch_init)
contiki-sky.a(uart1.o)        obj_sky/contiki-sky-main.o (uart1_active)
contiki-sky.a(uart1-putchar.o)
                              obj_sky/contiki-sky-main.o (putchar)
contiki-sky.a(msp430.o)       contiki-sky.a(uart1.o) (msp430_add_lpm_req)
contiki-sky.a(clock.o)        contiki-sky.a(timer.o) (clock_time)
contiki-sky.a(leds.o)         obj_sky/contiki-sky-main.o (leds_init)
contiki-sky.a(leds-arch.o)    contiki-sky.a(leds.o) (leds_arch_init)
contiki-sky.a(watchdog.o)     obj_sky/contiki-sky-main.o (watchdog_start)
contiki-sky.a(rtimer-arch.o)  contiki-sky.a(rtimer.o) (rtimer_arch_init)
contiki-sky.a(frame802154.o)  contiki-sky.a(framer-802154.o) (frame802154_hdrlen)
contiki-sky.a(rpl.o)          contiki-sky.a(uip-ds6-nbr.o) (rpl_link_neighbor_callback)
contiki-sky.a(rpl-dag.o)      contiki-sky.a(rpl.o) (rpl_dag_init)
contiki-sky.a(rpl-icmp6.o)    contiki-sky.a(rpl.o) (dao_output_target)
contiki-sky.a(rpl-timers.o)   contiki-sky.a(rpl.o) (rpl_reset_periodic_timer)
contiki-sky.a(rpl-mrhof.o)    contiki-sky.a(rpl-dag.o) (rpl_mrhof)
contiki-sky.a(rpl-ext-header.)
                              contiki-sky.a(uip6.o) (rpl_verify_header)
contiki-sky.a(stimer.o)       contiki-sky.a(tcpip.o) (stimer_set)
contiki-sky.a(nbr-table.o)    contiki-sky.a(uip-ds6-route.o) (nbr_table_register)
contiki-sky.a(uip-icmp6.o)    contiki-sky.a(uip6.o) (uip_icmp6_echo_request_input)
contiki-sky.a(uip-udp-packet.)
                              contiki-sky.a(er-coap-13.o) (uip_udp_packet_send)
contiki-sky.a(sht11.o)        contiki-sky.a(sht11-sensor.o) (sht11_init)
contiki-sky.a(spi.o)          contiki-sky.a(xmem.o) (spi_init)
/usr/local/msp430/bin/../lib/gcc/msp430/4.7.0/mmpy-16/libgcc.a(_mulsi3.o)
                              contiki-sky.a(csma.o) (__mulsi3)
/usr/local/msp430/bin/../lib/gcc/msp430/4.7.0/mmpy-16/libgcc.a(_udivmod16.o)
                              contiki-sky.a(rpl-dag.o) (__udivhi3)
[...]
Memory Configuration

Name             Origin             Length             Attributes
sfr              0x00000000         0x00000010
peripheral_8bit  0x00000010         0x000000f0
peripheral_16bit 0x00000100         0x00000100
ram_mirror       0x00000200         0x00000800         xw
infomem          0x00001000         0x00000100
infob            0x00001000         0x00000080
infoa            0x00001080         0x00000080
ram              0x00001100         0x00002800         xw
rom              0x00004000         0x0000bfe0         xr
vectors          0x0000ffe0         0x00000020
bsl              0x00000000         0x00000000
infoc            0x00000000         0x00000000
infod            0x00000000         0x00000000
ram2             0x00000000         0x00000000         xw
usbram           0x00000000         0x00000000         xw
far_rom          0x00000000         0x00000000
*default*        0x00000000         0xffffffff

Linker script and memory map

LOAD /usr/local/msp430/bin/../lib/gcc/msp430/4.7.0/mmpy-16/crt0ivtbl16.o
LOAD res-server.co
LOAD obj_sky/contiki-sky-main.o
LOAD contiki-sky.a
LOAD /usr/local/msp430/bin/../lib/gcc/msp430/4.7.0/mmpy-16/libgcc.a
LOAD /usr/local/msp430/bin/../lib/gcc/msp430/4.7.0/../../../../msp430/lib/mmpy-16/libc.a
LOAD /usr/local/msp430/bin/../lib/gcc/msp430/4.7.0/mmpy-16/libgcc.a
LOAD /usr/local/msp430/bin/../lib/gcc/msp430/4.7.0/mmpy-16/libcrt0.a
                0x00000080                PROVIDE (__info_segment_size, 0x80)
                0x00001000                PROVIDE (__infob, 0x1000)
                0x00001080                PROVIDE (__infoa, 0x1080)
                0x00000000                __IE1 = 0x0
                0x00000002                __IFG1 = 0x2
                0x00000004                __ME1 = 0x4
                0x00000001                __IE2 = 0x1
                0x00000003                __IFG2 = 0x3
                0x00000005                __ME2 = 0x5
                0x00000120                __WDTCTL = 0x120
                0x00000130                __MPY = 0x130
                0x00000132                __MPYS = 0x132
                0x00000134                __MAC = 0x134
                0x00000136                __MACS = 0x136
                0x00000138                __OP2 = 0x138
                0x0000013a                __RESLO = 0x13a
                0x0000013c                __RESHI = 0x13c
                0x0000013e                __SUMEXT = 0x13e
                0x00000020                __P1IN = 0x20
                0x00000021                __P1OUT = 0x21
                0x00000022                __P1DIR = 0x22
                0x00000023                __P1IFG = 0x23
                0x00000024                __P1IES = 0x24
                0x00000025                __P1IE = 0x25
                0x00000026                __P1SEL = 0x26
                0x00000028                __P2IN = 0x28
                0x00000029                __P2OUT = 0x29
                0x0000002a                __P2DIR = 0x2a
                0x0000002b                __P2IFG = 0x2b
                0x0000002c                __P2IES = 0x2c
                0x0000002d                __P2IE = 0x2d
                0x0000002e                __P2SEL = 0x2e
                0x00000018                __P3IN = 0x18
                0x00000019                __P3OUT = 0x19
                0x0000001a                __P3DIR = 0x1a
                0x0000001b                __P3SEL = 0x1b
                0x0000001c                __P4IN = 0x1c
                0x0000001d                __P4OUT = 0x1d
                0x0000001e                __P4DIR = 0x1e
                0x0000001f                __P4SEL = 0x1f
                0x00000030                __P5IN = 0x30
                0x00000031                __P5OUT = 0x31
                0x00000032                __P5DIR = 0x32
                0x00000033                __P5SEL = 0x33
                0x00000034                __P6IN = 0x34
                0x00000035                __P6OUT = 0x35
                0x00000036                __P6DIR = 0x36
                0x00000037                __P6SEL = 0x37
                0x00000070                __U0CTL = 0x70
                0x00000071                __U0TCTL = 0x71
                0x00000072                __U0RCTL = 0x72
                0x00000073                __U0MCTL = 0x73
                0x00000074                __U0BR0 = 0x74
                0x00000075                __U0BR1 = 0x75
                0x00000076                __U0RXBUF = 0x76
                0x00000077                __U0TXBUF = 0x77
                0x00000078                __U1CTL = 0x78
                0x00000079                __U1TCTL = 0x79
                0x0000007a                __U1RCTL = 0x7a
                0x0000007b                __U1MCTL = 0x7b
                0x0000007c                __U1BR0 = 0x7c
                0x0000007d                __U1BR1 = 0x7d
                0x0000007e                __U1RXBUF = 0x7e
                0x0000007f                __U1TXBUF = 0x7f
                0x00000050                __I2CIE = 0x50
                0x00000051                __I2CIFG = 0x51
                0x00000052                __I2CNDAT = 0x52
                0x00000071                __I2CTCTL = 0x71
                0x00000072                __I2CDCTL = 0x72
                0x00000073                __I2CPSC = 0x73
                0x00000074                __I2CSCLH = 0x74
                0x00000075                __I2CSCLL = 0x75
                0x00000076                __I2CDRB = 0x76
                0x00000076                __I2CDRW = 0x76
                0x00000118                __I2COA = 0x118
                0x0000011a                __I2CSA = 0x11a
                0x0000011c                __I2CIV = 0x11c
                0x0000012e                __TAIV = 0x12e
                0x00000160                __TACTL = 0x160
                0x00000162                __TACCTL0 = 0x162
                0x00000164                __TACCTL1 = 0x164
                0x00000166                __TACCTL2 = 0x166
                0x00000170                __TAR = 0x170
                0x00000172                __TACCR0 = 0x172
                0x00000174                __TACCR1 = 0x174
                0x00000176                __TACCR2 = 0x176
                0x0000011e                __TBIV = 0x11e
                0x00000180                __TBCTL = 0x180
                0x00000182                __TBCCTL0 = 0x182
                0x00000184                __TBCCTL1 = 0x184
                0x00000186                __TBCCTL2 = 0x186
                0x00000188                __TBCCTL3 = 0x188
                0x0000018a                __TBCCTL4 = 0x18a
                0x0000018c                __TBCCTL5 = 0x18c
                0x0000018e                __TBCCTL6 = 0x18e
                0x00000190                __TBR = 0x190
                0x00000192                __TBCCR0 = 0x192
                0x00000194                __TBCCR1 = 0x194
                0x00000196                __TBCCR2 = 0x196
                0x00000198                __TBCCR3 = 0x198
                0x0000019a                __TBCCR4 = 0x19a
                0x0000019c                __TBCCR5 = 0x19c
                0x0000019e                __TBCCR6 = 0x19e
                0x00000056                __DCOCTL = 0x56
                0x00000057                __BCSCTL1 = 0x57
                0x00000058                __BCSCTL2 = 0x58
                0x00000055                __SVSCTL = 0x55
                0x00000128                __FCTL1 = 0x128
                0x0000012a                __FCTL2 = 0x12a
                0x0000012c                __FCTL3 = 0x12c
                0x00000059                __CACTL1 = 0x59
                0x0000005a                __CACTL2 = 0x5a
                0x0000005b                __CAPD = 0x5b
                0x000001a0                __ADC12CTL0 = 0x1a0
                0x000001a2                __ADC12CTL1 = 0x1a2
                0x000001a4                __ADC12IFG = 0x1a4
                0x000001a6                __ADC12IE = 0x1a6
                0x000001a8                __ADC12IV = 0x1a8
                0x00000140                __ADC12MEM0 = 0x140
                0x00000142                __ADC12MEM1 = 0x142
                0x00000144                __ADC12MEM2 = 0x144
                0x00000146                __ADC12MEM3 = 0x146
                0x00000148                __ADC12MEM4 = 0x148
                0x0000014a                __ADC12MEM5 = 0x14a
                0x0000014c                __ADC12MEM6 = 0x14c
                0x0000014e                __ADC12MEM7 = 0x14e
                0x00000150                __ADC12MEM8 = 0x150
                0x00000152                __ADC12MEM9 = 0x152
                0x00000154                __ADC12MEM10 = 0x154
                0x00000156                __ADC12MEM11 = 0x156
                0x00000158                __ADC12MEM12 = 0x158
                0x0000015a                __ADC12MEM13 = 0x15a
                0x0000015c                __ADC12MEM14 = 0x15c
                0x0000015e                __ADC12MEM15 = 0x15e
                0x00000080                __ADC12MCTL0 = 0x80
                0x00000081                __ADC12MCTL1 = 0x81
                0x00000082                __ADC12MCTL2 = 0x82
                0x00000083                __ADC12MCTL3 = 0x83
                0x00000084                __ADC12MCTL4 = 0x84
                0x00000085                __ADC12MCTL5 = 0x85
                0x00000086                __ADC12MCTL6 = 0x86
                0x00000087                __ADC12MCTL7 = 0x87
                0x00000088                __ADC12MCTL8 = 0x88
                0x00000089                __ADC12MCTL9 = 0x89
                0x0000008a                __ADC12MCTL10 = 0x8a
                0x0000008b                __ADC12MCTL11 = 0x8b
                0x0000008c                __ADC12MCTL12 = 0x8c
                0x0000008d                __ADC12MCTL13 = 0x8d
                0x0000008e                __ADC12MCTL14 = 0x8e
                0x0000008f                __ADC12MCTL15 = 0x8f
                0x000001c0                __DAC12_0CTL = 0x1c0
                0x000001c2                __DAC12_1CTL = 0x1c2
                0x000001c8                __DAC12_0DAT = 0x1c8
                0x000001ca                __DAC12_1DAT = 0x1ca
                0x00000122                __DMACTL0 = 0x122
                0x00000124                __DMACTL1 = 0x124
                0x000001e0                __DMA0CTL = 0x1e0
                0x000001e8                __DMA1CTL = 0x1e8
                0x000001f0                __DMA2CTL = 0x1f0
                0x000001e2                __DMA0SA = 0x1e2
                0x000001e4                __DMA0DA = 0x1e4
                0x000001e6                __DMA0SZ = 0x1e6
                0x000001ea                __DMA1SA = 0x1ea
                0x000001ec                __DMA1DA = 0x1ec
                0x000001ee                __DMA1SZ = 0x1ee
                0x000001f2                __DMA2SA = 0x1f2
                0x000001f4                __DMA2DA = 0x1f4
                0x000001f6                __DMA2SZ = 0x1f6

.hash
 *(.hash)

.dynsym
 *(.dynsym)

.dynstr
 *(.dynstr)

.gnu.version
 *(.gnu.version)

.gnu.version_d
 *(.gnu.version_d)

.gnu.version_r
 *(.gnu.version_r)

.rel.init
 *(.rel.init)

.rela.init
 *(.rela.init)

.rel.fini
 *(.rel.fini)

.rela.fini
 *(.rela.fini)

.rel.text
 *(.rel.text .rel.text.* .rel.gnu.linkonce.t.*)

.rela.text
 *(.rela.text .rela.text.* .rela.gnu.linkonce.t.*)

.rel.rodata
 *(.rel.rodata .rel.rodata.* .rel.gnu.linkonce.r.*)

.rela.rodata
 *(.rela.rodata .rela.rodata.* .rela.gnu.linkonce.r.*)

.rel.data
 *(.rel.data .rel.data.* .rel.gnu.linkonce.d.*)

.rela.data
 *(.rela.data .rela.data.* .rela.gnu.linkonce.d.*)

.rel.bss
 *(.rel.bss .rel.bss.* .rel.gnu.linkonce.b.*)

.rela.bss
 *(.rela.bss .rela.bss.* .rela.gnu.linkonce.b.*)

.rel.ctors
 *(.rel.ctors)

.rela.ctors
 *(.rela.ctors)

.rel.dtors
 *(.rel.dtors)

.rela.dtors
 *(.rela.dtors)

.rel.got
 *(.rel.got)

.rela.got
 *(.rela.got)

.rel.plt
 *(.rel.plt)

.rela.plt
 *(.rela.plt)

.text           0x00004000     0xb660
                0x00004000                . = ALIGN (0x2)
 *(.init .init.*)
 *(.init0)
 .init0         0x00004000        0x0 /usr/local/msp430/bin/../lib/gcc/msp430/4.7.0/mmpy-16/libcrt0.a(_reset_vector__.o)
                0x00004000                _reset_vector__
 *(.init1)
 .init1         0x00004000        0xc /usr/local/msp430/bin/../lib/gcc/msp430/4.7.0/mmpy-16/libcrt0.a(__watchdog_support.o)
                0x00004000                __watchdog_support
 *(.init2)
 .init2         0x0000400c        0x4 /usr/local/msp430/bin/../lib/gcc/msp430/4.7.0/mmpy-16/libcrt0.a(__init_stack.o)
                0x0000400c                __init_stack
 *(.init3)
 .init3         0x00004010        0x0 /usr/local/msp430/bin/../lib/gcc/msp430/4.7.0/mmpy-16/libcrt0.a(__low_level_init.o)
                0x00004010                __low_level_init
 *(.init4)
 .init4         0x00004010       0x18 /usr/local/msp430/bin/../lib/gcc/msp430/4.7.0/mmpy-16/libcrt0.a(_copy_data.o)
                0x00004010                __do_copy_data
 .init4         0x00004028       0x16 /usr/local/msp430/bin/../lib/gcc/msp430/4.7.0/mmpy-16/libcrt0.a(_clear_bss.o)
                0x00004028                __do_clear_bss
 *(.init5)
 *(.init6)
 *(.init7)
 *(.init8)
 *(.init9)
 .init9         0x0000403e      0x362 obj_sky/contiki-sky-main.o
                0x0000403e                main
 *(.fini9)
 .fini9         0x000043a0        0x0 /usr/local/msp430/bin/../lib/gcc/msp430/4.7.0/mmpy-16/libcrt0.a(__stop_progExec__.o)
                0x000043a0                __stop_progExec__
 *(.fini8)
 *(.fini7)
 *(.fini6)
 *(.fini5)
 *(.fini4)
 *(.fini3)
 *(.fini2)
 *(.fini1)
 *(.fini0)
 .fini0         0x000043a0        0x6 /usr/local/msp430/bin/../lib/gcc/msp430/4.7.0/mmpy-16/libcrt0.a(_endless_loop__.o)
                0x000043a0                _endless_loop__
 *(.fini .fini.*)
                0x000043a6                . = ALIGN (0x2)
                0x000043a6                __ctors_start = .
 *(.ctors)
                0x000043a6                __ctors_end = .
                0x000043a6                __dtors_start = .
 *(.dtors)
                0x000043a6                __dtors_end = .
                0x000043a6                . = ALIGN (0x2)
 *(.text .text.* .gnu.linkonce.t.*)
 .text          0x000043a6        0x4 /usr/local/msp430/bin/../lib/gcc/msp430/4.7.0/mmpy-16/crt0ivtbl16.o
                0x000043a6                __isr_14
                0x000043a6                __isr_11
                0x000043a6                __isr_2
                0x000043a6                __isr_7
                0x000043a6                __isr_0
                0x000043a6                __isr_8
                0x000043a6                __isr_3
                0x000043a6                __isr_12
                0x000043a6                __isr_13
                0x000043a6                __isr_9
 .text.callback
                0x000043aa        0xa res-server.co
 .text.medication_handler
                0x000043b4       0xd6 res-server.co
                0x000043b4                medication_handler
 .text.diagnosis_handler
                0x0000448a       0x54 res-server.co
                0x0000448a                diagnosis_handler
 .text.temperature_handler
                0x000044de      0x11a res-server.co
                0x000044de                temperature_handler
 .text.diagnosis_event_handler
                0x000045f8       0x76 res-server.co
                0x000045f8                diagnosis_event_handler
 .text.process_thread_rpm_rest_server
                0x0000466e       0xc6 res-server.co
 .text.rimeaddr_copy
                0x00004734        0x8 contiki-sky.a(rimeaddr.o)
                0x00004734                rimeaddr_copy
 .text.rimeaddr_cmp
                0x0000473c       0x12 contiki-sky.a(rimeaddr.o)
                0x0000473c                rimeaddr_cmp
 .text.rimeaddr_set_node_addr
                0x0000474e        0xc contiki-sky.a(rimeaddr.o)
                0x0000474e                rimeaddr_set_node_addr
 .text.on       0x0000475a        0x6 contiki-sky.a(nullrdc.o)
 .text.channel_check_interval
                0x00004760        0x4 contiki-sky.a(nullrdc.o)
 .text.init     0x00004764        0x6 contiki-sky.a(nullrdc.o)
 .text.off      0x0000476a       0x10 contiki-sky.a(nullrdc.o)
 .text.packet_input
                0x0000477a       0x38 contiki-sky.a(nullrdc.o)
 .text.send_one_packet
                0x000047b2       0x6a contiki-sky.a(nullrdc.o)
 .text.send_list
                0x0000481c       0x30 contiki-sky.a(nullrdc.o)
 .text.send_packet
                0x0000484c        0x6 contiki-sky.a(nullrdc.o)
 .text.mac_call_sent_callback
                0x00004852       0x14 contiki-sky.a(mac.o)
                0x00004852                mac_call_sent_callback
 .text.create   0x00004866      0x10a contiki-sky.a(framer-802154.o)
 .text.parse    0x00004970       0xac contiki-sky.a(framer-802154.o)
 .text.input_packet
                0x00004a1c        0x6 contiki-sky.a(csma.o)
 .text.on       0x00004a22        0x6 contiki-sky.a(csma.o)
 .text.off      0x00004a28        0x6 contiki-sky.a(csma.o)
 .text.channel_check_interval
                0x00004a2e       0x10 contiki-sky.a(csma.o)
 .text.transmit_packet_list
                0x00004a3e       0x24 contiki-sky.a(csma.o)
 .text.init     0x00004a62       0x1a contiki-sky.a(csma.o)
 .text.send_packet
                0x00004a7c      0x164 contiki-sky.a(csma.o)
 .text.free_packet
                0x00004be0       0x9c contiki-sky.a(csma.o)
 .text.packet_sent
                0x00004c7c      0x134 contiki-sky.a(csma.o)
 .text.call_process
                0x00004db0       0x46 contiki-sky.a(process.o)
 .text.exit_process
                0x00004df6       0x96 contiki-sky.a(process.o)
 .text.do_poll  0x00004e8c       0x30 contiki-sky.a(process.o)
 .text.process_alloc_event
                0x00004ebc        0xe contiki-sky.a(process.o)
                0x00004ebc                process_alloc_event
 .text.process_init
                0x00004eca       0x1c contiki-sky.a(process.o)
                0x00004eca                process_init
 .text.process_run
                0x00004ee6       0xa2 contiki-sky.a(process.o)
                0x00004ee6                process_run
 .text.process_nevents
                0x00004f88        0xe contiki-sky.a(process.o)
                0x00004f88                process_nevents
 .text.process_post
                0x00004f96       0x54 contiki-sky.a(process.o)
                0x00004f96                process_post
 .text.process_post_synch
                0x00004fea       0x12 contiki-sky.a(process.o)
                0x00004fea                process_post_synch
 .text.process_start
                0x00004ffc       0x36 contiki-sky.a(process.o)
                0x00004ffc                process_start
 .text.process_poll
                0x00005032       0x18 contiki-sky.a(process.o)
                0x00005032                process_poll
 .text.autostart_start
                0x0000504a       0x16 contiki-sky.a(autostart.o)
                0x0000504a                autostart_start
 .text.memb_init
                0x00005060       0x36 contiki-sky.a(memb.o)
                0x00005060                memb_init
 .text.memb_alloc
                0x00005096       0x3e contiki-sky.a(memb.o)
                0x00005096                memb_alloc
 .text.memb_free
                0x000050d4       0x3a contiki-sky.a(memb.o)
                0x000050d4                memb_free
 .text.memb_inmemb
                0x0000510e       0x2a contiki-sky.a(memb.o)
                0x0000510e                memb_inmemb
 .text.timer_set
                0x00005138       0x1c contiki-sky.a(timer.o)
                0x00005138                timer_set
 .text.timer_reset
                0x00005154        0xe contiki-sky.a(timer.o)
                0x00005154                timer_reset
 .text.timer_restart
                0x00005162       0x14 contiki-sky.a(timer.o)
                0x00005162                timer_restart
 .text.timer_expired
                0x00005176       0x2a contiki-sky.a(timer.o)
                0x00005176                timer_expired
 .text.list_init
                0x000051a0        0x6 contiki-sky.a(list.o)
                0x000051a0                list_init
 .text.list_head
                0x000051a6        0x4 contiki-sky.a(list.o)
                0x000051a6                list_head
 .text.list_tail
                0x000051aa       0x12 contiki-sky.a(list.o)
                0x000051aa                list_tail
 .text.list_remove
                0x000051bc       0x34 contiki-sky.a(list.o)
                0x000051bc                list_remove
 .text.list_push
                0x000051f0       0x1a contiki-sky.a(list.o)
                0x000051f0                list_push
 .text.list_add
                0x0000520a       0x2a contiki-sky.a(list.o)
                0x0000520a                list_add
 .text.list_length
                0x00005234       0x10 contiki-sky.a(list.o)
                0x00005234                list_length
 .text.list_item_next
                0x00005244        0xc contiki-sky.a(list.o)
                0x00005244                list_item_next
 .text.update_time
                0x00005250       0x78 contiki-sky.a(etimer.o)
 .text.etimer_request_poll
                0x000052c8        0xa contiki-sky.a(etimer.o)
                0x000052c8                etimer_request_poll
 .text.process_thread_etimer_process
                0x000052d2       0xcc contiki-sky.a(etimer.o)
 .text.add_timer
                0x0000539e       0x40 contiki-sky.a(etimer.o)
 .text.etimer_set
                0x000053de       0x12 contiki-sky.a(etimer.o)
                0x000053de                etimer_set
 .text.etimer_reset
                0x000053f0       0x12 contiki-sky.a(etimer.o)
                0x000053f0                etimer_reset
 .text.etimer_restart
                0x00005402       0x12 contiki-sky.a(etimer.o)
                0x00005402                etimer_restart
 .text.etimer_expired
                0x00005414        0xe contiki-sky.a(etimer.o)
                0x00005414                etimer_expired
 .text.etimer_expiration_time
                0x00005422       0x14 contiki-sky.a(etimer.o)
                0x00005422                etimer_expiration_time
 .text.etimer_pending
                0x00005436        0xc contiki-sky.a(etimer.o)
                0x00005436                etimer_pending
 .text.etimer_next_expiration_time
                0x00005442       0x16 contiki-sky.a(etimer.o)
                0x00005442                etimer_next_expiration_time
 .text.etimer_stop
                0x00005458       0x3e contiki-sky.a(etimer.o)
                0x00005458                etimer_stop
 .text.process_thread_ctimer_process
                0x00005496       0xa8 contiki-sky.a(ctimer.o)
 .text.ctimer_init
                0x0000553e       0x18 contiki-sky.a(ctimer.o)
                0x0000553e                ctimer_init
 .text.ctimer_set
                0x00005556       0x5a contiki-sky.a(ctimer.o)
                0x00005556                ctimer_set
 .text.ctimer_reset
                0x000055b0       0x3a contiki-sky.a(ctimer.o)
                0x000055b0                ctimer_reset
 .text.ctimer_stop
                0x000055ea       0x28 contiki-sky.a(ctimer.o)
                0x000055ea                ctimer_stop
 .text.energest_init
                0x00005612       0x26 contiki-sky.a(energest.o)
                0x00005612                energest_init
 .text.energest_type_time
                0x00005638       0x48 contiki-sky.a(energest.o)
                0x00005638                energest_type_time
 .text.energest_type_set
                0x00005680        0xe contiki-sky.a(energest.o)
                0x00005680                energest_type_set
 .text.energest_flush
                0x0000568e       0x48 contiki-sky.a(energest.o)
                0x0000568e                energest_flush
 .text.rtimer_init
                0x000056d6        0x6 contiki-sky.a(rtimer.o)
                0x000056d6                rtimer_init
 .text.rtimer_run_next
                0x000056dc       0x26 contiki-sky.a(rtimer.o)
                0x000056dc                rtimer_run_next
 .text.random_init
                0x00005702        0x6 contiki-sky.a(random.o)
                0x00005702                random_init
 .text.random_rand
                0x00005708        0x6 contiki-sky.a(random.o)
                0x00005708                random_rand
 .text.packetbuf_copyto_hdr
                0x0000570e       0x1c contiki-sky.a(packetbuf.o)
                0x0000570e                packetbuf_copyto_hdr
 .text.packetbuf_copyto
                0x0000572a       0x52 contiki-sky.a(packetbuf.o)
                0x0000572a                packetbuf_copyto
 .text.packetbuf_hdrreduce
                0x0000577c       0x1a contiki-sky.a(packetbuf.o)
                0x0000577c                packetbuf_hdrreduce
 .text.packetbuf_set_datalen
                0x00005796        0x6 contiki-sky.a(packetbuf.o)
                0x00005796                packetbuf_set_datalen
 .text.packetbuf_dataptr
                0x0000579c        0xe contiki-sky.a(packetbuf.o)
                0x0000579c                packetbuf_dataptr
 .text.packetbuf_hdrptr
                0x000057aa        0xa contiki-sky.a(packetbuf.o)
                0x000057aa                packetbuf_hdrptr
 .text.packetbuf_is_reference
                0x000057b4        0xe contiki-sky.a(packetbuf.o)
                0x000057b4                packetbuf_is_reference
 .text.packetbuf_reference_ptr
                0x000057c2        0x6 contiki-sky.a(packetbuf.o)
                0x000057c2                packetbuf_reference_ptr
 .text.packetbuf_datalen
                0x000057c8        0x6 contiki-sky.a(packetbuf.o)
                0x000057c8                packetbuf_datalen
 .text.packetbuf_totlen
                0x000057ce       0x10 contiki-sky.a(packetbuf.o)
                0x000057ce                packetbuf_totlen
 .text.packetbuf_hdralloc
                0x000057de       0x2e contiki-sky.a(packetbuf.o)
                0x000057de                packetbuf_hdralloc
 .text.packetbuf_attr_clear
                0x0000580c       0x30 contiki-sky.a(packetbuf.o)
                0x0000580c                packetbuf_attr_clear
 .text.packetbuf_clear
                0x0000583c       0x1a contiki-sky.a(packetbuf.o)
                0x0000583c                packetbuf_clear
 .text.packetbuf_copyfrom
                0x00005856       0x2e contiki-sky.a(packetbuf.o)
                0x00005856                packetbuf_copyfrom
 .text.packetbuf_attr_copyto
                0x00005884       0x22 contiki-sky.a(packetbuf.o)
                0x00005884                packetbuf_attr_copyto
 .text.packetbuf_attr_copyfrom
                0x000058a6       0x24 contiki-sky.a(packetbuf.o)
                0x000058a6                packetbuf_attr_copyfrom
 .text.queuebuf_init
                0x000058ca       0x1a contiki-sky.a(queuebuf.o)
                0x000058ca                queuebuf_init
 .text.queuebuf_new_from_packetbuf
                0x000058e4       0x7e contiki-sky.a(queuebuf.o)
                0x000058e4                queuebuf_new_from_packetbuf
 .text.queuebuf_update_attr_from_packetbuf
                0x00005962       0x12 contiki-sky.a(queuebuf.o)
                0x00005962                queuebuf_update_attr_from_packetbuf
 .text.queuebuf_free
                0x00005974       0x40 contiki-sky.a(queuebuf.o)
                0x00005974                queuebuf_free
 .text.queuebuf_to_packetbuf
                0x000059b4       0x6e contiki-sky.a(queuebuf.o)
                0x000059b4                queuebuf_to_packetbuf
 .text.queuebuf_attr
                0x00005a22        0xe contiki-sky.a(queuebuf.o)
                0x00005a22                queuebuf_attr
 .text.set_packet_attrs
                0x00005a30       0x46 contiki-sky.a(sicslowpan.o)
 .text.addr_context_lookup_by_number
                0x00005a76       0x32 contiki-sky.a(sicslowpan.o)
 .text.compress_addr_64
                0x00005aa8       0xae contiki-sky.a(sicslowpan.o)
 .text.uncompress_addr
                0x00005b56       0xb4 contiki-sky.a(sicslowpan.o)
 .text.input    0x00005c0a      0x624 contiki-sky.a(sicslowpan.o)
 .text.sicslowpan_init
                0x0000622e       0x26 contiki-sky.a(sicslowpan.o)
                0x0000622e                sicslowpan_init
 .text.addr_context_lookup_by_prefix
                0x00006254       0x4c contiki-sky.a(sicslowpan.o)
 .text.packet_sent
                0x000062a0       0x22 contiki-sky.a(sicslowpan.o)
 .text.send_packet
                0x000062c2       0x1a contiki-sky.a(sicslowpan.o)
 .text.output   0x000062dc      0x6ee contiki-sky.a(sicslowpan.o)
 .text.tcpip_output
                0x000069ca       0x10 contiki-sky.a(tcpip.o)
                0x000069ca                tcpip_output
 .text.tcpip_set_outputfunc
                0x000069da        0x6 contiki-sky.a(tcpip.o)
                0x000069da                tcpip_set_outputfunc
 .text.udp_new  0x000069e0       0x1a contiki-sky.a(tcpip.o)
                0x000069e0                udp_new
 .text.tcpip_input
                0x000069fa       0x16 contiki-sky.a(tcpip.o)
                0x000069fa                tcpip_input
 .text.tcpip_ipv6_output
                0x00006a10      0x152 contiki-sky.a(tcpip.o)
                0x00006a10                tcpip_ipv6_output
 .text.process_thread_tcpip_process
                0x00006b62       0xd4 contiki-sky.a(tcpip.o)
 .text.tcpip_uipcall
                0x00006c36       0x2a contiki-sky.a(tcpip.o)
                0x00006c36                tcpip_uipcall
 .text.call_route_callback
                0x00006c60       0x4c contiki-sky.a(uip-ds6-route.o)
 .text.uip_ds6_route_init
                0x00006cac       0x2e contiki-sky.a(uip-ds6-route.o)
                0x00006cac                uip_ds6_route_init
 .text.uip_ds6_route_nexthop
                0x00006cda       0x1a contiki-sky.a(uip-ds6-route.o)
                0x00006cda                uip_ds6_route_nexthop
 .text.uip_ds6_route_head
                0x00006cf4       0x28 contiki-sky.a(uip-ds6-route.o)
                0x00006cf4                uip_ds6_route_head
 .text.uip_ds6_route_next
                0x00006d1c       0x30 contiki-sky.a(uip-ds6-route.o)
                0x00006d1c                uip_ds6_route_next
 .text.uip_ds6_route_lookup
                0x00006d4c       0x5e contiki-sky.a(uip-ds6-route.o)
                0x00006d4c                uip_ds6_route_lookup
 .text.uip_ds6_route_add
                0x00006daa       0xb4 contiki-sky.a(uip-ds6-route.o)
                0x00006daa                uip_ds6_route_add
 .text.uip_ds6_route_rm
                0x00006e5e       0x60 contiki-sky.a(uip-ds6-route.o)
                0x00006e5e                uip_ds6_route_rm
 .text.rm_routelist
                0x00006ebe       0x30 contiki-sky.a(uip-ds6-route.o)
 .text.rm_routelist_callback
                0x00006eee        0x6 contiki-sky.a(uip-ds6-route.o)
 .text.uip_ds6_defrt_rm
                0x00006ef4       0x48 contiki-sky.a(uip-ds6-route.o)
                0x00006ef4                uip_ds6_defrt_rm
 .text.uip_ds6_defrt_lookup
                0x00006f3c       0x36 contiki-sky.a(uip-ds6-route.o)
                0x00006f3c                uip_ds6_defrt_lookup
 .text.uip_ds6_defrt_add
                0x00006f72       0x74 contiki-sky.a(uip-ds6-route.o)
                0x00006f72                uip_ds6_defrt_add
 .text.uip_ds6_defrt_choose
                0x00006fe6       0x3a contiki-sky.a(uip-ds6-route.o)
                0x00006fe6                uip_ds6_defrt_choose
 .text.uip_ds6_defrt_periodic
                0x00007020       0x38 contiki-sky.a(uip-ds6-route.o)
                0x00007020                uip_ds6_defrt_periodic
 .text.uip_ds6_nbr_rm
                0x00007058       0x1a contiki-sky.a(uip-ds6-nbr.o)
                0x00007058                uip_ds6_nbr_rm
 .text.uip_ds6_neighbors_init
                0x00007072        0xe contiki-sky.a(uip-ds6-nbr.o)
                0x00007072                uip_ds6_neighbors_init
 .text.uip_ds6_nbr_add
                0x00007080       0x60 contiki-sky.a(uip-ds6-nbr.o)
                0x00007080                uip_ds6_nbr_add
 .text.uip_ds6_nbr_get_ll
                0x000070e0        0xc contiki-sky.a(uip-ds6-nbr.o)
                0x000070e0                uip_ds6_nbr_get_ll
 .text.uip_ds6_nbr_lookup
                0x000070ec       0x42 contiki-sky.a(uip-ds6-nbr.o)
                0x000070ec                uip_ds6_nbr_lookup
 .text.uip_ds6_nbr_ll_lookup
                0x0000712e        0xc contiki-sky.a(uip-ds6-nbr.o)
                0x0000712e                uip_ds6_nbr_ll_lookup
 .text.uip_ds6_nbr_ipaddr_from_lladdr
                0x0000713a        0x6 contiki-sky.a(uip-ds6-nbr.o)
                0x0000713a                uip_ds6_nbr_ipaddr_from_lladdr
 .text.uip_ds6_nbr_lladdr_from_ipaddr
                0x00007140       0x12 contiki-sky.a(uip-ds6-nbr.o)
                0x00007140                uip_ds6_nbr_lladdr_from_ipaddr
 .text.uip_ds6_link_neighbor_callback
                0x00007152       0x2a contiki-sky.a(uip-ds6-nbr.o)
                0x00007152                uip_ds6_link_neighbor_callback
 .text.uip_ds6_neighbor_periodic
                0x0000717c       0xfe contiki-sky.a(uip-ds6-nbr.o)
                0x0000717c                uip_ds6_neighbor_periodic
 .text.uip_ds6_list_loop
                0x0000727a       0x86 contiki-sky.a(uip-ds6.o)
                0x0000727a                uip_ds6_list_loop
 .text.uip_ds6_prefix_add
                0x00007300       0x80 contiki-sky.a(uip-ds6.o)
                0x00007300                uip_ds6_prefix_add
 .text.uip_ds6_is_addr_onlink
                0x00007380       0x54 contiki-sky.a(uip-ds6.o)
                0x00007380                uip_ds6_is_addr_onlink
 .text.uip_ds6_addr_lookup
                0x000073d4       0x2a contiki-sky.a(uip-ds6.o)
                0x000073d4                uip_ds6_addr_lookup
 .text.uip_ds6_get_link_local
                0x000073fe       0x3e contiki-sky.a(uip-ds6.o)
                0x000073fe                uip_ds6_get_link_local
 .text.uip_ds6_maddr_add
                0x0000743c       0x4c contiki-sky.a(uip-ds6.o)
                0x0000743c                uip_ds6_maddr_add
 .text.uip_ds6_addr_add
                0x00007488       0xc4 contiki-sky.a(uip-ds6.o)
                0x00007488                uip_ds6_addr_add
 .text.uip_ds6_maddr_rm
                0x0000754c        0xa contiki-sky.a(uip-ds6.o)
                0x0000754c                uip_ds6_maddr_rm
 .text.uip_ds6_maddr_lookup
                0x00007556       0x2a contiki-sky.a(uip-ds6.o)
                0x00007556                uip_ds6_maddr_lookup
 .text.uip_ds6_addr_rm
                0x00007580       0x54 contiki-sky.a(uip-ds6.o)
                0x00007580                uip_ds6_addr_rm
 .text.uip_ds6_periodic
                0x000075d4       0x4a contiki-sky.a(uip-ds6.o)
                0x000075d4                uip_ds6_periodic
 .text.uip_ds6_set_addr_iid
                0x0000761e       0x14 contiki-sky.a(uip-ds6.o)
                0x0000761e                uip_ds6_set_addr_iid
 .text.get_match_length
                0x00007632       0x44 contiki-sky.a(uip-ds6.o)
                0x00007632                get_match_length
 .text.uip_ds6_select_src
                0x00007676       0xaa contiki-sky.a(uip-ds6.o)
                0x00007676                uip_ds6_select_src
 .text.uip_ds6_compute_reachable_time
                0x00007720       0x3e contiki-sky.a(uip-ds6.o)
                0x00007720                uip_ds6_compute_reachable_time
 .text.uip_ds6_init
                0x0000775e      0x154 contiki-sky.a(uip-ds6.o)
                0x0000775e                uip_ds6_init
 .text.uip_nd6_ns_input
                0x000078b2      0x24e contiki-sky.a(uip-nd6.o)
                0x000078b2                uip_nd6_ns_input
 .text.uip_nd6_ns_output
                0x00007b00      0x17a contiki-sky.a(uip-nd6.o)
                0x00007b00                uip_nd6_ns_output
 .text.uip_nd6_na_input
                0x00007c7a      0x1bc contiki-sky.a(uip-nd6.o)
                0x00007c7a                uip_nd6_na_input
 .text.chksum   0x00007e36       0x32 contiki-sky.a(uip6.o)
 .text.upper_layer_chksum
                0x00007e68       0x56 contiki-sky.a(uip6.o)
 .text.ext_hdr_options_process
                0x00007ebe       0xd0 contiki-sky.a(uip6.o)
 .text.uip_icmp6chksum
                0x00007f8e        0xa contiki-sky.a(uip6.o)
                0x00007f8e                uip_icmp6chksum
 .text.uip_udpchksum
                0x00007f98        0xa contiki-sky.a(uip6.o)
                0x00007f98                uip_udpchksum
 .text.uip_init
                0x00007fa2       0x3a contiki-sky.a(uip6.o)
                0x00007fa2                uip_init
 .text.remove_ext_hdr
                0x00007fdc       0x58 contiki-sky.a(uip6.o)
                0x00007fdc                remove_ext_hdr
 .text.uip_udp_new
                0x00008034       0xe4 contiki-sky.a(uip6.o)
                0x00008034                uip_udp_new
 .text.uip_process
                0x00008118      0x4d0 contiki-sky.a(uip6.o)
                0x00008118                uip_process
 .text.uip_htonl
                0x000085e8       0x2e contiki-sky.a(uip6.o)
                0x000085e8                uip_htonl
 .text.coap_parse_int_option
                0x00008616       0x46 contiki-sky.a(er-coap-13.o)
 .text.coap_get_variable
                0x0000865c       0x8c contiki-sky.a(er-coap-13.o)
 .text.coap_merge_multi_option
                0x000086e8       0x3e contiki-sky.a(er-coap-13.o)
 .text.coap_set_option_header
                0x00008726       0xa6 contiki-sky.a(er-coap-13.o)
 .text.coap_serialize_int_option
                0x000087cc       0xda contiki-sky.a(er-coap-13.o)
 .text.coap_serialize_array_option.part.0
                0x000088a6       0x34 contiki-sky.a(er-coap-13.o)
 .text.coap_serialize_array_option
                0x000088da       0x90 contiki-sky.a(er-coap-13.o)
 .text.coap_init_connection
                0x0000896a       0x22 contiki-sky.a(er-coap-13.o)
                0x0000896a                coap_init_connection
 .text.coap_get_mid
                0x0000898c        0xc contiki-sky.a(er-coap-13.o)
                0x0000898c                coap_get_mid
 .text.coap_init_message
                0x00008998       0x30 contiki-sky.a(er-coap-13.o)
                0x00008998                coap_init_message
 .text.coap_serialize_message
                0x000089c8      0x3cc contiki-sky.a(er-coap-13.o)
                0x000089c8                coap_serialize_message
 .text.coap_send_message
                0x00008d94       0x4a contiki-sky.a(er-coap-13.o)
                0x00008d94                coap_send_message
 .text.coap_parse_message
                0x00008dde      0x440 contiki-sky.a(er-coap-13.o)
                0x00008dde                coap_parse_message
 .text.coap_get_query_variable
                0x0000921e       0x1c contiki-sky.a(er-coap-13.o)
                0x0000921e                coap_get_query_variable
 .text.coap_get_post_variable
                0x0000923a       0x20 contiki-sky.a(er-coap-13.o)
                0x0000923a                coap_get_post_variable
 .text.coap_set_status_code
                0x0000925a       0x12 contiki-sky.a(er-coap-13.o)
                0x0000925a                coap_set_status_code
 .text.coap_get_header_content_type
                0x0000926c       0x12 contiki-sky.a(er-coap-13.o)
                0x0000926c                coap_get_header_content_type
 .text.coap_set_header_content_type
                0x0000927e        0xe contiki-sky.a(er-coap-13.o)
                0x0000927e                coap_set_header_content_type
 .text.coap_get_header_accept
                0x0000928c       0x1a contiki-sky.a(er-coap-13.o)
                0x0000928c                coap_get_header_accept
 .text.coap_get_header_max_age
                0x000092a6       0x24 contiki-sky.a(er-coap-13.o)
                0x000092a6                coap_get_header_max_age
 .text.coap_set_header_max_age
                0x000092ca       0x12 contiki-sky.a(er-coap-13.o)
                0x000092ca                coap_set_header_max_age
 .text.coap_set_header_etag
                0x000092dc       0x2a contiki-sky.a(er-coap-13.o)
                0x000092dc                coap_set_header_etag
 .text.coap_get_header_if_match
                0x00009306       0x1a contiki-sky.a(er-coap-13.o)
                0x00009306                coap_get_header_if_match
 .text.coap_get_header_if_none_match
                0x00009320       0x1c contiki-sky.a(er-coap-13.o)
                0x00009320                coap_get_header_if_none_match
 .text.coap_set_header_token
                0x0000933c       0x24 contiki-sky.a(er-coap-13.o)
                0x0000933c                coap_set_header_token
 .text.coap_get_header_uri_host
                0x00009360       0x16 contiki-sky.a(er-coap-13.o)
                0x00009360                coap_get_header_uri_host
 .text.coap_get_header_uri_path
                0x00009376       0x16 contiki-sky.a(er-coap-13.o)
                0x00009376                coap_get_header_uri_path
 .text.coap_set_header_uri_path
                0x0000938c       0x2a contiki-sky.a(er-coap-13.o)
                0x0000938c                coap_set_header_uri_path
 .text.coap_get_header_uri_query
                0x000093b6       0x16 contiki-sky.a(er-coap-13.o)
                0x000093b6                coap_get_header_uri_query
 .text.coap_set_header_location_query
                0x000093cc       0x2c contiki-sky.a(er-coap-13.o)
                0x000093cc                coap_set_header_location_query
 .text.coap_set_header_location_path
                0x000093f8       0x5e contiki-sky.a(er-coap-13.o)
                0x000093f8                coap_set_header_location_path
 .text.coap_set_header_observe
                0x00009456        0xe contiki-sky.a(er-coap-13.o)
                0x00009456                coap_set_header_observe
 .text.coap_get_header_block2
                0x00009464       0x4c contiki-sky.a(er-coap-13.o)
                0x00009464                coap_get_header_block2
 .text.coap_set_header_block2
                0x000094b0       0x42 contiki-sky.a(er-coap-13.o)
                0x000094b0                coap_set_header_block2
 .text.coap_get_header_size
                0x000094f2       0x1c contiki-sky.a(er-coap-13.o)
                0x000094f2                coap_get_header_size
 .text.coap_set_header_size
                0x0000950e       0x12 contiki-sky.a(er-coap-13.o)
                0x0000950e                coap_set_header_size
 .text.coap_get_payload
                0x00009520       0x1a contiki-sky.a(er-coap-13.o)
                0x00009520                coap_get_payload
 .text.coap_set_payload
                0x0000953a       0x16 contiki-sky.a(er-coap-13.o)
                0x0000953a                coap_set_payload
 .text.coap_set_service_callback
                0x00009550        0x6 contiki-sky.a(er-coap-13-engi)
                0x00009550                coap_set_service_callback
 .text.coap_get_rest_method
                0x00009556       0x18 contiki-sky.a(er-coap-13-engi)
                0x00009556                coap_get_rest_method
 .text.process_thread_coap_receiver
                0x0000956e      0x40c contiki-sky.a(er-coap-13-engi)
 .text.well_known_core_handler
                0x0000997a      0x3d6 contiki-sky.a(er-coap-13-engi)
                0x0000997a                well_known_core_handler
 .text.coap_receiver_init
                0x00009d50        0xc contiki-sky.a(er-coap-13-engi)
                0x00009d50                coap_receiver_init
 .text.coap_register_as_transaction_handler
                0x00009d5c        0x8 contiki-sky.a(er-coap-13-tran)
                0x00009d5c                coap_register_as_transaction_handler
 .text.coap_new_transaction
                0x00009d64       0x4e contiki-sky.a(er-coap-13-tran)
                0x00009d64                coap_new_transaction
 .text.coap_clear_transaction
                0x00009db2       0x26 contiki-sky.a(er-coap-13-tran)
                0x00009db2                coap_clear_transaction
 .text.coap_send_transaction
                0x00009dd8       0xc4 contiki-sky.a(er-coap-13-tran)
                0x00009dd8                coap_send_transaction
 .text.coap_get_transaction_by_mid
                0x00009e9c       0x1e contiki-sky.a(er-coap-13-tran)
                0x00009e9c                coap_get_transaction_by_mid
 .text.coap_check_transactions
                0x00009eba       0x2e contiki-sky.a(er-coap-13-tran)
                0x00009eba                coap_check_transactions
 .text.coap_remove_observer
                0x00009ee8       0x1c contiki-sky.a(er-coap-13-obse)
                0x00009ee8                coap_remove_observer
 .text.coap_remove_observer_by_client
                0x00009f04       0x4c contiki-sky.a(er-coap-13-obse)
                0x00009f04                coap_remove_observer_by_client
 .text.coap_remove_observer_by_url
                0x00009f50       0x76 contiki-sky.a(er-coap-13-obse)
                0x00009f50                coap_remove_observer_by_url
 .text.coap_add_observer
                0x00009fc6       0x7c contiki-sky.a(er-coap-13-obse)
                0x00009fc6                coap_add_observer
 .text.coap_remove_observer_by_mid
                0x0000a042       0x58 contiki-sky.a(er-coap-13-obse)
                0x0000a042                coap_remove_observer_by_mid
 .text.coap_notify_observers
                0x0000a09a       0xc6 contiki-sky.a(er-coap-13-obse)
                0x0000a09a                coap_notify_observers
 .text.coap_observe_handler
                0x0000a160       0x96 contiki-sky.a(er-coap-13-obse)
                0x0000a160                coap_observe_handler
 .text.process_thread_rest_manager_process
                0x0000a1f6       0xca contiki-sky.a(erbium.o)
 .text.rest_invoke_restful_service
                0x0000a2c0      0x118 contiki-sky.a(erbium.o)
                0x0000a2c0                rest_invoke_restful_service
 .text.rest_init_engine
                0x0000a3d8       0x26 contiki-sky.a(erbium.o)
                0x0000a3d8                rest_init_engine
 .text.rest_activate_resource
                0x0000a3fe       0x24 contiki-sky.a(erbium.o)
                0x0000a3fe                rest_activate_resource
 .text.rest_activate_event_resource
                0x0000a422       0x12 contiki-sky.a(erbium.o)
                0x0000a422                rest_activate_event_resource
 .text.rest_get_resources
                0x0000a434        0x6 contiki-sky.a(erbium.o)
                0x0000a434                rest_get_resources
 .text.init_platform
                0x0000a43a        0xc contiki-sky.a(contiki-sky-pla)
                0x0000a43a                init_platform
 .text.status   0x0000a446       0x14 contiki-sky.a(sht11-sensor.o)
 .text.value    0x0000a45a       0x30 contiki-sky.a(sht11-sensor.o)
 .text.configure
                0x0000a48a       0x3e contiki-sky.a(sht11-sensor.o)
 .text.status   0x0000a4c8       0x18 contiki-sky.a(button-sensor.o)
 .text.value    0x0000a4e0       0x20 contiki-sky.a(button-sensor.o)
 .text.configure
                0x0000a500       0x4c contiki-sky.a(button-sensor.o)
 .text.irq_p2   0x0000a54c       0x88 contiki-sky.a(button-sensor.o)
                0x0000a54c                irq_p2
                0x0000a54c                __isr_1
 .text.owreadb  0x0000a5d4       0x50 contiki-sky.a(ds2411.o)
 .text.ds2411_init
                0x0000a624      0x120 contiki-sky.a(ds2411.o)
                0x0000a624                ds2411_init
 .text.wait_ready
                0x0000a744       0x4a contiki-sky.a(xmem.o)
 .text.xmem_init
                0x0000a78e       0x3c contiki-sky.a(xmem.o)
                0x0000a78e                xmem_init
 .text.xmem_pread
                0x0000a7ca       0xe0 contiki-sky.a(xmem.o)
                0x0000a7ca                xmem_pread
 .text.node_id_restore
                0x0000a8aa       0x38 contiki-sky.a(node-id.o)
                0x0000a8aa                node_id_restore
 .text.process_thread_sensors_process
                0x0000a8e2       0xc2 contiki-sky.a(sensors.o)
 .text.sensors_changed
                0x0000a9a4       0x2a contiki-sky.a(sensors.o)
                0x0000a9a4                sensors_changed
 .text.strobe   0x0000a9ce       0x1c contiki-sky.a(cc2420.o)
 .text.status   0x0000a9ea       0x22 contiki-sky.a(cc2420.o)
 .text.getreg   0x0000aa0c       0x4c contiki-sky.a(cc2420.o)
 .text.setreg   0x0000aa58       0x4c contiki-sky.a(cc2420.o)
 .text.set_txpower
                0x0000aaa4       0x24 contiki-sky.a(cc2420.o)
 .text.cc2420_receiving_packet
                0x0000aac8        0xc contiki-sky.a(cc2420.o)
 .text.pending_packet
                0x0000aad4        0x8 contiki-sky.a(cc2420.o)
 .text.on       0x0000aadc       0x44 contiki-sky.a(cc2420.o)
 .text.flushrx  0x0000ab20       0x6c contiki-sky.a(cc2420.o)
 .text.off      0x0000ab8c       0x72 contiki-sky.a(cc2420.o)
 .text.RELEASE_LOCK
                0x0000abfe       0x28 contiki-sky.a(cc2420.o)
 .text.cc2420_prepare
                0x0000ac26       0x82 contiki-sky.a(cc2420.o)
 .text.getrxdata
                0x0000aca8       0x50 contiki-sky.a(cc2420.o)
 .text.cc2420_on
                0x0000acf8       0x22 contiki-sky.a(cc2420.o)
                0x0000acf8                cc2420_on
 .text.cc2420_off
                0x0000ad1a       0x30 contiki-sky.a(cc2420.o)
                0x0000ad1a                cc2420_off
 .text.cc2420_cca
                0x0000ad4a       0x82 contiki-sky.a(cc2420.o)
 .text.cc2420_read
                0x0000adcc       0xda contiki-sky.a(cc2420.o)
 .text.process_thread_cc2420_process
                0x0000aea6       0x54 contiki-sky.a(cc2420.o)
 .text.cc2420_set_channel
                0x0000aefa       0x80 contiki-sky.a(cc2420.o)
                0x0000aefa                cc2420_set_channel
 .text.cc2420_set_pan_addr
                0x0000af7a      0x13e contiki-sky.a(cc2420.o)
                0x0000af7a                cc2420_set_pan_addr
 .text.cc2420_init
                0x0000b0b8       0xca contiki-sky.a(cc2420.o)
                0x0000b0b8                cc2420_init
 .text.cc2420_interrupt
                0x0000b182       0x1e contiki-sky.a(cc2420.o)
                0x0000b182                cc2420_interrupt
 .text.cc2420_get_txpower
                0x0000b1a0       0x1e contiki-sky.a(cc2420.o)
                0x0000b1a0                cc2420_get_txpower
 .text.cc2420_transmit
                0x0000b1be      0x1a6 contiki-sky.a(cc2420.o)
 .text.cc2420_send
                0x0000b364       0x12 contiki-sky.a(cc2420.o)
 .text.cc2420_port1_interrupt
                0x0000b376       0x62 contiki-sky.a(cc2420-arch.o)
                0x0000b376                __isr_4
                0x0000b376                cc2420_port1_interrupt
 .text.cc2420_arch_init
                0x0000b3d8       0x1a contiki-sky.a(cc2420-arch.o)
                0x0000b3d8                cc2420_arch_init
 .text.uart1_active
                0x0000b3f2       0x18 contiki-sky.a(uart1.o)
                0x0000b3f2                uart1_active
 .text.uart1_writeb
                0x0000b40a       0x18 contiki-sky.a(uart1.o)
                0x0000b40a                uart1_writeb
 .text.uart1_init
                0x0000b422       0xf4 contiki-sky.a(uart1.o)
                0x0000b422                uart1_init
 .text.putchar  0x0000b516       0x10 contiki-sky.a(uart1-putchar.o)
                0x0000b516                putchar
 .text.msp430_init_dco
                0x0000b526       0x82 contiki-sky.a(msp430.o)
                0x0000b526                msp430_init_dco
 .text.msp430_add_lpm_req
                0x0000b5a8        0xc contiki-sky.a(msp430.o)
                0x0000b5a8                msp430_add_lpm_req
 .text.msp430_cpu_init
                0x0000b5b4       0x2a contiki-sky.a(msp430.o)
                0x0000b5b4                msp430_cpu_init
 .text.splhigh_
                0x0000b5de        0x8 contiki-sky.a(msp430.o)
                0x0000b5de                splhigh_
 .text.msp430_sync_dco
                0x0000b5e6       0x6c contiki-sky.a(msp430.o)
                0x0000b5e6                msp430_sync_dco
 .text.timera1  0x0000b652       0xfe contiki-sky.a(clock.o)
                0x0000b652                __isr_5
                0x0000b652                timera1
 .text.clock_time
                0x0000b750       0x1a contiki-sky.a(clock.o)
                0x0000b750                clock_time
 .text.clock_init
                0x0000b76a       0x28 contiki-sky.a(clock.o)
                0x0000b76a                clock_init
 .text.clock_delay
                0x0000b792        0xc contiki-sky.a(clock.o)
                0x0000b792                clock_delay
 .text.clock_wait
                0x0000b79e       0x30 contiki-sky.a(clock.o)
                0x0000b79e                clock_wait
 .text.clock_seconds
                0x0000b7ce       0x1a contiki-sky.a(clock.o)
                0x0000b7ce                clock_seconds
 .text.show_leds
                0x0000b7e8      0x100 contiki-sky.a(leds.o)
 .text.leds_init
                0x0000b8e8        0xe contiki-sky.a(leds.o)
                0x0000b8e8                leds_init
 .text.leds_on  0x0000b8f6       0x14 contiki-sky.a(leds.o)
                0x0000b8f6                leds_on
 .text.leds_off
                0x0000b90a       0x14 contiki-sky.a(leds.o)
                0x0000b90a                leds_off
 .text.leds_arch_init
                0x0000b91e        0xe contiki-sky.a(leds-arch.o)
                0x0000b91e                leds_arch_init
 .text.leds_arch_set
                0x0000b92c       0x38 contiki-sky.a(leds-arch.o)
                0x0000b92c                leds_arch_set
 .text.watchdog_interrupt
                0x0000b964        0x6 contiki-sky.a(watchdog.o)
                0x0000b964                __isr_10
                0x0000b964                watchdog_interrupt
 .text.watchdog_start
                0x0000b96a       0x14 contiki-sky.a(watchdog.o)
                0x0000b96a                watchdog_start
 .text.watchdog_periodic
                0x0000b97e       0x12 contiki-sky.a(watchdog.o)
                0x0000b97e                watchdog_periodic
 .text.watchdog_stop
                0x0000b990       0x16 contiki-sky.a(watchdog.o)
                0x0000b990                watchdog_stop
 .text.watchdog_init
                0x0000b9a6       0x12 contiki-sky.a(watchdog.o)
                0x0000b9a6                watchdog_init
 .text.rtimer_arch_init
                0x0000b9b8        0xe contiki-sky.a(rtimer-arch.o)
                0x0000b9b8                rtimer_arch_init
 .text.rtimer_arch_now
                0x0000b9c6        0xe contiki-sky.a(rtimer-arch.o)
                0x0000b9c6                rtimer_arch_now
 .text.timera0  0x0000b9d4       0x70 contiki-sky.a(rtimer-arch.o)
                0x0000b9d4                __isr_6
                0x0000b9d4                timera0
 .text.rtimer_arch_schedule
                0x0000ba44        0x6 contiki-sky.a(rtimer-arch.o)
                0x0000ba44                rtimer_arch_schedule
 .text.field_len
                0x0000ba4a       0x90 contiki-sky.a(frame802154.o)
 .text.frame802154_hdrlen
                0x0000bada       0x2e contiki-sky.a(frame802154.o)
                0x0000bada                frame802154_hdrlen
 .text.frame802154_create
                0x0000bb08      0x172 contiki-sky.a(frame802154.o)
                0x0000bb08                frame802154_create
 .text.frame802154_parse
                0x0000bc7a      0x1c4 contiki-sky.a(frame802154.o)
                0x0000bc7a                frame802154_parse
 .text.rpl_purge_routes
                0x0000be3e       0x96 contiki-sky.a(rpl.o)
                0x0000be3e                rpl_purge_routes
 .text.rpl_remove_routes
                0x0000bed4       0x22 contiki-sky.a(rpl.o)
                0x0000bed4                rpl_remove_routes
 .text.rpl_remove_routes_by_nexthop
                0x0000bef6       0x46 contiki-sky.a(rpl.o)
                0x0000bef6                rpl_remove_routes_by_nexthop
 .text.rpl_add_route
                0x0000bf3c       0x48 contiki-sky.a(rpl.o)
                0x0000bf3c                rpl_add_route
 .text.rpl_link_neighbor_callback
                0x0000bf84       0x6a contiki-sky.a(rpl.o)
                0x0000bf84                rpl_link_neighbor_callback
 .text.rpl_ipv6_neighbor_callback
                0x0000bfee       0x1e contiki-sky.a(rpl.o)
                0x0000bfee                rpl_ipv6_neighbor_callback
 .text.rpl_init
                0x0000c00c       0x40 contiki-sky.a(rpl.o)
                0x0000c00c                rpl_init
 .text.lollipop_greater_than
                0x0000c04c       0x3c contiki-sky.a(rpl-dag.o)
 .text.find_parent_any_dag_any_instance
                0x0000c088       0x14 contiki-sky.a(rpl-dag.o)
 .text.rpl_set_preferred_parent
                0x0000c09c       0x30 contiki-sky.a(rpl-dag.o)
 .text.set_ip_from_prefix
                0x0000c0cc       0x38 contiki-sky.a(rpl-dag.o)
 .text.check_prefix
                0x0000c104       0x80 contiki-sky.a(rpl-dag.o)
 .text.rpl_dag_init
                0x0000c184        0xe contiki-sky.a(rpl-dag.o)
                0x0000c184                rpl_dag_init
 .text.rpl_get_parent_ipaddr
                0x0000c192       0x10 contiki-sky.a(rpl-dag.o)
                0x0000c192                rpl_get_parent_ipaddr
 .text.rpl_set_prefix
                0x0000c1a2       0x8e contiki-sky.a(rpl-dag.o)
                0x0000c1a2                rpl_set_prefix
 .text.rpl_set_default_route
                0x0000c230       0x64 contiki-sky.a(rpl-dag.o)
                0x0000c230                rpl_set_default_route
 .text.rpl_alloc_instance
                0x0000c294       0x2c contiki-sky.a(rpl-dag.o)
                0x0000c294                rpl_alloc_instance
 .text.rpl_add_parent
                0x0000c2c0       0x3c contiki-sky.a(rpl-dag.o)
                0x0000c2c0                rpl_add_parent
 .text.rpl_find_parent
                0x0000c2fc       0x1c contiki-sky.a(rpl-dag.o)
                0x0000c2fc                rpl_find_parent
 .text.rpl_find_parent_any_dag
                0x0000c318       0x24 contiki-sky.a(rpl-dag.o)
                0x0000c318                rpl_find_parent_any_dag
 .text.rpl_select_parent
                0x0000c33c       0x5c contiki-sky.a(rpl-dag.o)
                0x0000c33c                rpl_select_parent
 .text.rpl_select_dag
                0x0000c398      0x1ae contiki-sky.a(rpl-dag.o)
                0x0000c398                rpl_select_dag
 .text.rpl_nullify_parent
                0x0000c546       0x4e contiki-sky.a(rpl-dag.o)
                0x0000c546                rpl_nullify_parent
 .text.rpl_remove_parent
                0x0000c594       0x16 contiki-sky.a(rpl-dag.o)
                0x0000c594                rpl_remove_parent
 .text.remove_parents.constprop.5
                0x0000c5aa       0x32 contiki-sky.a(rpl-dag.o)
 .text.rpl_free_dag
                0x0000c5dc       0x34 contiki-sky.a(rpl-dag.o)
                0x0000c5dc                rpl_free_dag
 .text.rpl_free_instance
                0x0000c610       0x5c contiki-sky.a(rpl-dag.o)
                0x0000c610                rpl_free_instance
 .text.rpl_move_parent
                0x0000c66c       0x6e contiki-sky.a(rpl-dag.o)
                0x0000c66c                rpl_move_parent
 .text.rpl_get_any_dag
                0x0000c6da       0x16 contiki-sky.a(rpl-dag.o)
                0x0000c6da                rpl_get_any_dag
 .text.rpl_get_instance
                0x0000c6f0       0x16 contiki-sky.a(rpl-dag.o)
                0x0000c6f0                rpl_get_instance
 .text.get_dag  0x0000c706       0x58 contiki-sky.a(rpl-dag.o)
 .text.rpl_alloc_dag
                0x0000c75e       0x66 contiki-sky.a(rpl-dag.o)
                0x0000c75e                rpl_alloc_dag
 .text.rpl_repair_root
                0x0000c7c4       0x4c contiki-sky.a(rpl-dag.o)
                0x0000c7c4                rpl_repair_root
 .text.rpl_find_of
                0x0000c810       0x10 contiki-sky.a(rpl-dag.o)
                0x0000c810                rpl_find_of
 .text.rpl_join_instance
                0x0000c820      0x13c contiki-sky.a(rpl-dag.o)
                0x0000c820                rpl_join_instance
 .text.rpl_local_repair
                0x0000c95c       0x80 contiki-sky.a(rpl-dag.o)
                0x0000c95c                rpl_local_repair
 .text.rpl_process_parent_event
                0x0000c9dc       0x80 contiki-sky.a(rpl-dag.o)
                0x0000c9dc                rpl_process_parent_event
 .text.rpl_recalculate_ranks
                0x0000ca5c       0x42 contiki-sky.a(rpl-dag.o)
                0x0000ca5c                rpl_recalculate_ranks
 .text.rpl_add_dag
                0x0000ca9e      0x112 contiki-sky.a(rpl-dag.o)
                0x0000ca9e                rpl_add_dag
 .text.rpl_process_dio
                0x0000cbb0      0x274 contiki-sky.a(rpl-dag.o)
                0x0000cbb0                rpl_process_dio
 .text.get32    0x0000ce24       0x46 contiki-sky.a(rpl-icmp6.o)
 .text.set32    0x0000ce6a       0x2a contiki-sky.a(rpl-icmp6.o)
 .text.get16    0x0000ce94        0xe contiki-sky.a(rpl-icmp6.o)
 .text.set16    0x0000cea2       0x10 contiki-sky.a(rpl-icmp6.o)
 .text.dis_output
                0x0000ceb2       0x50 contiki-sky.a(rpl-icmp6.o)
                0x0000ceb2                dis_output
 .text.dio_output
                0x0000cf02      0x264 contiki-sky.a(rpl-icmp6.o)
                0x0000cf02                dio_output
 .text.dao_output_target
                0x0000d166       0xdc contiki-sky.a(rpl-icmp6.o)
                0x0000d166                dao_output_target
 .text.dao_output
                0x0000d242       0x7e contiki-sky.a(rpl-icmp6.o)
                0x0000d242                dao_output
 .text.dao_ack_output
                0x0000d2c0       0x32 contiki-sky.a(rpl-icmp6.o)
                0x0000d2c0                dao_ack_output
 .text.uip_rpl_input
                0x0000d2f2      0x52a contiki-sky.a(rpl-icmp6.o)
                0x0000d2f2                uip_rpl_input
 .text.new_dio_interval
                0x0000d81c       0x92 contiki-sky.a(rpl-timers.o)
 .text.handle_periodic_timer
                0x0000d8ae       0x2e contiki-sky.a(rpl-timers.o)
 .text.handle_dao_timer
                0x0000d8dc       0x50 contiki-sky.a(rpl-timers.o)
 .text.handle_dio_timer
                0x0000d92c       0x82 contiki-sky.a(rpl-timers.o)
 .text.rpl_reset_periodic_timer
                0x0000d9ae       0x54 contiki-sky.a(rpl-timers.o)
                0x0000d9ae                rpl_reset_periodic_timer
 .text.rpl_reset_dio_timer
                0x0000da02       0x18 contiki-sky.a(rpl-timers.o)
                0x0000da02                rpl_reset_dio_timer
 .text.rpl_schedule_dao
                0x0000da1a       0x4e contiki-sky.a(rpl-timers.o)
                0x0000da1a                rpl_schedule_dao
 .text.reset    0x0000da68        0x2 contiki-sky.a(rpl-mrhof.o)
 .text.neighbor_link_callback
                0x0000da6a       0x86 contiki-sky.a(rpl-mrhof.o)
 .text.calculate_rank
                0x0000daf0       0x2c contiki-sky.a(rpl-mrhof.o)
 .text.update_metric_container
                0x0000db1c        0x6 contiki-sky.a(rpl-mrhof.o)
 .text.best_dag
                0x0000db22       0x2e contiki-sky.a(rpl-mrhof.o)
 .text.best_parent
                0x0000db50       0x52 contiki-sky.a(rpl-mrhof.o)
 .text.rpl_verify_header
                0x0000dba2       0xb4 contiki-sky.a(rpl-ext-header.)
                0x0000dba2                rpl_verify_header
 .text.rpl_update_header_empty
                0x0000dc56       0xf8 contiki-sky.a(rpl-ext-header.)
                0x0000dc56                rpl_update_header_empty
 .text.rpl_update_header_final
                0x0000dd4e       0x88 contiki-sky.a(rpl-ext-header.)
                0x0000dd4e                rpl_update_header_final
 .text.rpl_invert_header
                0x0000ddd6       0x4e contiki-sky.a(rpl-ext-header.)
                0x0000ddd6                rpl_invert_header
 .text.rpl_insert_header
                0x0000de24       0x1c contiki-sky.a(rpl-ext-header.)
                0x0000de24                rpl_insert_header
 .text.stimer_set
                0x0000de40       0x1c contiki-sky.a(stimer.o)
                0x0000de40                stimer_set
 .text.stimer_restart
                0x0000de5c       0x14 contiki-sky.a(stimer.o)
                0x0000de5c                stimer_restart
 .text.stimer_expired
                0x0000de70       0x30 contiki-sky.a(stimer.o)
                0x0000de70                stimer_expired
 .text.item_from_index
                0x0000dea0       0x2a contiki-sky.a(nbr-table.o)
 .text.index_from_key
                0x0000deca       0x26 contiki-sky.a(nbr-table.o)
 .text.index_from_item
                0x0000def0       0x1e contiki-sky.a(nbr-table.o)
 .text.nbr_set_bit
                0x0000df0e       0x58 contiki-sky.a(nbr-table.o)
 .text.index_from_lladdr
                0x0000df66       0x42 contiki-sky.a(nbr-table.o)
 .text.nbr_get_bit.constprop.0
                0x0000dfa8       0x2e contiki-sky.a(nbr-table.o)
 .text.nbr_table_register
                0x0000dfd6       0x26 contiki-sky.a(nbr-table.o)
                0x0000dfd6                nbr_table_register
 .text.nbr_table_next
                0x0000dffc       0x54 contiki-sky.a(nbr-table.o)
                0x0000dffc                nbr_table_next
 .text.nbr_table_head
                0x0000e050       0x3a contiki-sky.a(nbr-table.o)
                0x0000e050                nbr_table_head
 .text.nbr_table_add_lladdr
                0x0000e08a      0x128 contiki-sky.a(nbr-table.o)
                0x0000e08a                nbr_table_add_lladdr
 .text.nbr_table_get_from_lladdr
                0x0000e1b2       0x2c contiki-sky.a(nbr-table.o)
                0x0000e1b2                nbr_table_get_from_lladdr
 .text.nbr_table_remove
                0x0000e1de       0x32 contiki-sky.a(nbr-table.o)
                0x0000e1de                nbr_table_remove
 .text.nbr_table_lock
                0x0000e210       0x10 contiki-sky.a(nbr-table.o)
                0x0000e210                nbr_table_lock
 .text.nbr_table_unlock
                0x0000e220       0x10 contiki-sky.a(nbr-table.o)
                0x0000e220                nbr_table_unlock
 .text.nbr_table_get_lladdr
                0x0000e230       0x22 contiki-sky.a(nbr-table.o)
                0x0000e230                nbr_table_get_lladdr
 .text.uip_icmp6_echo_request_input
                0x0000e252      0x12c contiki-sky.a(uip-icmp6.o)
                0x0000e252                uip_icmp6_echo_request_input
 .text.uip_icmp6_error_output
                0x0000e37e      0x17e contiki-sky.a(uip-icmp6.o)
                0x0000e37e                uip_icmp6_error_output
 .text.uip_icmp6_send
                0x0000e4fc       0x94 contiki-sky.a(uip-icmp6.o)
                0x0000e4fc                uip_icmp6_send
 .text.uip_udp_packet_send
                0x0000e590       0x2e contiki-sky.a(uip-udp-packet.)
                0x0000e590                uip_udp_packet_send
 .text.crc8_add
                0x0000e5be       0x1c contiki-sky.a(sht11.o)
 .text.sstart   0x0000e5da       0x3e contiki-sky.a(sht11.o)
 .text.swrite   0x0000e618       0x62 contiki-sky.a(sht11.o)
 .text.sread    0x0000e67a       0x4c contiki-sky.a(sht11.o)
 .text.sreset   0x0000e6c6       0x2a contiki-sky.a(sht11.o)
 .text.scmd.part.0
                0x0000e6f0       0xb4 contiki-sky.a(sht11.o)
 .text.sht11_init
                0x0000e7a4       0x1a contiki-sky.a(sht11.o)
                0x0000e7a4                sht11_init
 .text.sht11_off
                0x0000e7be       0x14 contiki-sky.a(sht11.o)
                0x0000e7be                sht11_off
 .text.sht11_temp
                0x0000e7d2        0xa contiki-sky.a(sht11.o)
                0x0000e7d2                sht11_temp
 .text.sht11_humidity
                0x0000e7dc        0xa contiki-sky.a(sht11.o)
                0x0000e7dc                sht11_humidity
 .text.sht11_sreg
                0x0000e7e6       0x80 contiki-sky.a(sht11.o)
                0x0000e7e6                sht11_sreg
 .text.spi_init
                0x0000e866       0x30 contiki-sky.a(spi.o)
                0x0000e866                spi_init
 .text.libgcc   0x0000e896       0x2c /usr/local/msp430/bin/../lib/gcc/msp430/4.7.0/mmpy-16/libgcc.a(_mulsi3.o)
                0x0000e896                __mulsi3
 .text.libgcc   0x0000e8c2       0x22 /usr/local/msp430/bin/../lib/gcc/msp430/4.7.0/mmpy-16/libgcc.a(_udivmod16.o)
                0x0000e8c2                __udivhi3
                0x0000e8c2                __ext_udivmod16
                0x0000e8dc                __umodhi3
 .text.libgcc   0x0000e8e4       0x3a /usr/local/msp430/bin/../lib/gcc/msp430/4.7.0/mmpy-16/libgcc.a(_divmod16.o)
                0x0000e8e4                __ext_divmod16
                0x0000e8e4                __divhi3
                0x0000e916                __modhi3
 .text.libgcc   0x0000e91e       0x40 /usr/local/msp430/bin/../lib/gcc/msp430/4.7.0/mmpy-16/libgcc.a(_udivmod32.o)
                0x0000e91e                __udivsi3
                0x0000e91e                __ext_udivmod32
                0x0000e954                __umodsi3
 .text.printf   0x0000e95e       0x10 /usr/local/msp430/bin/../lib/gcc/msp430/4.7.0/../../../../msp430/lib/mmpy-16/libc.a(printf.o)
                0x0000e95e                printf
 .text.append   0x0000e96e       0x22 /usr/local/msp430/bin/../lib/gcc/msp430/4.7.0/../../../../msp430/lib/mmpy-16/libc.a(sprintf.o)
 .text.call_vuprintf
                0x0000e990       0x3a /usr/local/msp430/bin/../lib/gcc/msp430/4.7.0/../../../../msp430/lib/mmpy-16/libc.a(sprintf.o)
 .text.snprintf
                0x0000e9ca       0x1a /usr/local/msp430/bin/../lib/gcc/msp430/4.7.0/../../../../msp430/lib/mmpy-16/libc.a(sprintf.o)
                0x0000e9ca                snprintf
 .text.print_field
                0x0000e9e4      0x194 /usr/local/msp430/bin/../lib/gcc/msp430/4.7.0/../../../../msp430/lib/mmpy-16/libc.a(vuprintf.o)
 .text.vuprintf
                0x0000eb78      0x63c /usr/local/msp430/bin/../lib/gcc/msp430/4.7.0/../../../../msp430/lib/mmpy-16/libc.a(vuprintf.o)
                0x0000eb78                vuprintf
 .text.puts     0x0000f1b4       0x2c /usr/local/msp430/bin/../lib/gcc/msp430/4.7.0/../../../../msp430/lib/mmpy-16/libc.a(puts.o)
                0x0000f1b4                puts
 .text.rand     0x0000f1e0       0x26 /usr/local/msp430/bin/../lib/gcc/msp430/4.7.0/../../../../msp430/lib/mmpy-16/libc.a(rand.o)
                0x0000f1e0                rand
 .text.srand    0x0000f206        0xa /usr/local/msp430/bin/../lib/gcc/msp430/4.7.0/../../../../msp430/lib/mmpy-16/libc.a(rand.o)
                0x0000f206                srand
 .text.strchr   0x0000f210       0x16 /usr/local/msp430/bin/../lib/gcc/msp430/4.7.0/../../../../msp430/lib/mmpy-16/libc.a(strchr.o)
                0x0000f210                strchr
 .text.memchr   0x0000f226       0x1e /usr/local/msp430/bin/../lib/gcc/msp430/4.7.0/../../../../msp430/lib/mmpy-16/libc.a(memchr.o)
                0x0000f226                memchr
 .text.strcmp   0x0000f244       0x1e /usr/local/msp430/bin/../lib/gcc/msp430/4.7.0/../../../../msp430/lib/mmpy-16/libc.a(strcmp.o)
                0x0000f244                strcmp
 .text.strncmp  0x0000f262       0x2a /usr/local/msp430/bin/../lib/gcc/msp430/4.7.0/../../../../msp430/lib/mmpy-16/libc.a(strncmp.o)
                0x0000f262                strncmp
 .text.memcmp   0x0000f28c       0x30 /usr/local/msp430/bin/../lib/gcc/msp430/4.7.0/../../../../msp430/lib/mmpy-16/libc.a(memcmp.o)
                0x0000f28c                memcmp
 .text.memcpy   0x0000f2bc       0xfa /usr/local/msp430/bin/../lib/gcc/msp430/4.7.0/../../../../msp430/lib/mmpy-16/libc.a(memcpy.o)
                0x0000f2bc                memcpy
 .text.memmove  0x0000f3b6       0xfa /usr/local/msp430/bin/../lib/gcc/msp430/4.7.0/../../../../msp430/lib/mmpy-16/libc.a(memmove.o)
                0x0000f3b6                memmove
 .text.memset   0x0000f4b0       0x6a /usr/local/msp430/bin/../lib/gcc/msp430/4.7.0/../../../../msp430/lib/mmpy-16/libc.a(memset.o)
                0x0000f4b0                memset
 .text.strstr   0x0000f51a       0x54 /usr/local/msp430/bin/../lib/gcc/msp430/4.7.0/../../../../msp430/lib/mmpy-16/libc.a(strstr.o)
                0x0000f51a                strstr
 .text.libgcc   0x0000f56e       0xf0 /usr/local/msp430/bin/../lib/gcc/msp430/4.7.0/mmpy-16/libgcc.a(_udivmod64.o)
                0x0000f56e                __xabi_udivmod64
                0x0000f5cc                __udivdi3
                0x0000f5f2                __umoddi3
                0x0000f620                __udivmoddi4
 .text.crt0     0x0000f65e        0x2 /usr/local/msp430/bin/../lib/gcc/msp430/4.7.0/mmpy-16/libcrt0.a(_unexpected_.o)
                0x0000f65e                _unexpected_
 *(.near.text .near.text.*)

.rodata         0x0000f660      0x637
                0x0000f660                . = ALIGN (0x2)
 *(.rodata .rodata.* .gnu.linkonce.r.*)
 .rodata        0x0000f660      0x254 res-server.co
                0x0000f7e0                autostart_processes
 .rodata        0x0000f8b4      0x10b obj_sky/contiki-sky-main.o
 *fill*         0x0000f9bf        0x1 00
 .rodata        0x0000f9c0        0x8 contiki-sky.a(rimeaddr.o)
                0x0000f9c0                rimeaddr_null
 .rodata        0x0000f9c8       0x18 contiki-sky.a(nullrdc.o)
                0x0000f9d0                nullrdc_driver
 .rodata        0x0000f9e0        0x4 contiki-sky.a(framer-802154.o)
                0x0000f9e0                framer_802154
 .rodata        0x0000f9e4       0x14 contiki-sky.a(csma.o)
                0x0000f9ea                csma_driver
 .rodata        0x0000f9f8        0xc contiki-sky.a(etimer.o)
 .rodata        0x0000fa04        0xf contiki-sky.a(ctimer.o)
 *fill*         0x0000fa13        0x1 00
 .rodata        0x0000fa14       0x24 contiki-sky.a(sicslowpan.o)
                0x0000fa20                sicslowpan_driver
                0x0000fa26                llprefix
                0x0000fa28                unc_mxconf
                0x0000fa2c                unc_ctxconf
                0x0000fa30                unc_llconf
 .rodata        0x0000fa38        0xd contiki-sky.a(tcpip.o)
 .rodata        0x0000fa45       0x8a contiki-sky.a(er-coap-13.o)
 *fill*         0x0000facf        0x1 00
 .rodata.coap_parse_message
                0x0000fad0       0x48 contiki-sky.a(er-coap-13.o)
 .rodata        0x0000fb18      0x104 contiki-sky.a(er-coap-13-engi)
                0x0000fb6a                coap_rest_implementation
 .rodata        0x0000fc1c       0x1d contiki-sky.a(er-coap-13-obse)
 .rodata        0x0000fc39        0xd contiki-sky.a(erbium.o)
 .rodata        0x0000fc46        0xe contiki-sky.a(sht11-sensor.o)
                0x0000fc4c                sht11_sensor
 .rodata        0x0000fc54       0x10 contiki-sky.a(button-sensor.o)
                0x0000fc5c                button_sensor
 .rodata        0x0000fc64        0x8 contiki-sky.a(sensors.o)
 .rodata        0x0000fc6c       0x22 contiki-sky.a(cc2420.o)
                0x0000fc6c                cc2420_driver
 .rodata        0x0000fc8e        0x2 contiki-sky.a(frame802154.o)
 .rodata.vuprintf
                0x0000fc90        0x7 /usr/local/msp430/bin/../lib/gcc/msp430/4.7.0/../../../../msp430/lib/mmpy-16/libc.a(vuprintf.o)
 *(.near.rodata .near.rodata.*)
                0x0000fc98                . = ALIGN (0x2)
                0x0000fc98                _etext = .

.data           0x00001100      0x128 load address 0x0000fc98
                0x00001100                . = ALIGN (0x2)
                0x00001100                __data_start = .
 *(.data .data.* .gnu.linkonce.d.*)
 .data          0x00001100       0x40 res-server.co
                0x00001100                rpm_rest_server
                0x0000110a                resource_medication
                0x0000111c                resource_diagnosis
                0x0000112e                resource_temperature
 .data          0x00001140       0x18 contiki-sky.a(csma.o)
 .data          0x00001158        0xa contiki-sky.a(etimer.o)
                0x00001158                etimer_process
 .data          0x00001162        0xa contiki-sky.a(ctimer.o)
                0x00001162                ctimer_process
 .data          0x0000116c       0x18 contiki-sky.a(queuebuf.o)
 .data          0x00001184        0xa contiki-sky.a(tcpip.o)
                0x00001184                tcpip_process
 .data          0x0000118e       0x18 contiki-sky.a(uip-ds6-route.o)
 .data          0x000011a6        0xa contiki-sky.a(uip-ds6-nbr.o)
                0x000011a6                ds6_neighbors
 .data          0x000011b0        0x2 contiki-sky.a(er-coap-13.o)
                0x000011b0                coap_error_message
 .data          0x000011b2       0x1c contiki-sky.a(er-coap-13-engi)
                0x000011b2                resource_well_known_core
                0x000011c4                coap_receiver
 .data          0x000011ce        0x8 contiki-sky.a(er-coap-13-tran)
 .data          0x000011d6        0x8 contiki-sky.a(er-coap-13-obse)
 .data          0x000011de        0xa contiki-sky.a(erbium.o)
                0x000011de                rest_manager_process
 .data          0x000011e8        0x4 contiki-sky.a(contiki-sky-pla)
                0x000011e8                sensors
 .data          0x000011ec        0x1 contiki-sky.a(sht11-sensor.o)
 *fill*         0x000011ed        0x1 00
 .data          0x000011ee        0xa contiki-sky.a(sensors.o)
                0x000011ee                sensors_process
 .data          0x000011f8        0xa contiki-sky.a(cc2420.o)
                0x000011f8                cc2420_process
 .data          0x00001202        0x2 contiki-sky.a(msp430.o)
 .data          0x00001204        0x8 contiki-sky.a(rpl-dag.o)
 .data          0x0000120c        0x1 contiki-sky.a(rpl-icmp6.o)
 *fill*         0x0000120d        0x1 00
 .data          0x0000120e        0xe contiki-sky.a(rpl-mrhof.o)
                0x0000120e                rpl_mrhof
 .data          0x0000121c        0x8 contiki-sky.a(nbr-table.o)
 .data.next     0x00001224        0x4 /usr/local/msp430/bin/../lib/gcc/msp430/4.7.0/../../../../msp430/lib/mmpy-16/libc.a(rand.o)
 *(.near.data .near.data.*)
                0x00001228                . = ALIGN (0x2)
                0x00001228                _edata = .
                0x0000fc98                __data_load_start = LOADADDR (.data)
                0x00000128                __data_size = SIZEOF (.data)

.bss            0x00001228     0x1554 load address 0x0000fdc0
                0x00001228                __bss_start = .
 *(.bss .bss.*)
 .bss           0x00001228       0x16 res-server.co
 .bss           0x0000123e        0xc obj_sky/contiki-sky-main.o
 .bss           0x0000124a        0x2 contiki-sky.a(framer-802154.o)
 .bss           0x0000124c       0x8a contiki-sky.a(csma.o)
 .bss           0x000012d6       0x42 contiki-sky.a(process.o)
                0x000012d6                process_current
                0x000012d8                process_list
 .bss           0x00001318        0x6 contiki-sky.a(etimer.o)
 .bss           0x0000131e        0x4 contiki-sky.a(ctimer.o)
 .bss           0x00001322        0x2 contiki-sky.a(rtimer.o)
 .bss           0x00001324       0xba contiki-sky.a(packetbuf.o)
 .bss           0x000013de      0x3c6 contiki-sky.a(queuebuf.o)
 .bss           0x000017a4      0x122 contiki-sky.a(sicslowpan.o)
 .bss           0x000018c6        0xe contiki-sky.a(tcpip.o)
 .bss           0x000018d4      0x19e contiki-sky.a(uip-ds6-route.o)
 .bss           0x00001a72      0x168 contiki-sky.a(uip-ds6-nbr.o)
 .bss           0x00001bda       0x18 contiki-sky.a(uip-ds6.o)
 .bss           0x00001bf2        0xa contiki-sky.a(uip-nd6.o)
 .bss           0x00001bfc        0x8 contiki-sky.a(uip6.o)
                0x00001bfc                uip_ext_opt_offset
                0x00001bfd                uip_ext_len
                0x00001bfe                uip_ext_bitmap
 .bss           0x00001c04        0x6 contiki-sky.a(er-coap-13.o)
                0x00001c04                coap_error_code
 .bss           0x00001c0a       0xf8 contiki-sky.a(er-coap-13-engi)
 .bss           0x00001d02      0x2c0 contiki-sky.a(er-coap-13-tran)
 .bss           0x00001fc2       0x94 contiki-sky.a(er-coap-13-obse)
 .bss           0x00002056        0x4 contiki-sky.a(erbium.o)
 .bss           0x0000205a        0x8 contiki-sky.a(button-sensor.o)
 .bss           0x00002062        0x2 contiki-sky.a(node-id.o)
                0x00002062                node_id
 .bss           0x00002064        0x6 contiki-sky.a(sensors.o)
 .bss           0x0000206a        0xa contiki-sky.a(cc2420.o)
 .bss           0x00002074       0x9a contiki-sky.a(uart1.o)
 .bss           0x0000210e        0xa contiki-sky.a(clock.o)
 .bss           0x00002118        0x2 contiki-sky.a(leds.o)
 .bss           0x0000211a        0x2 contiki-sky.a(watchdog.o)
 .bss           0x0000211c       0x64 contiki-sky.a(rpl-dag.o)
 .bss           0x00002180       0x18 contiki-sky.a(rpl-timers.o)
 .bss           0x00002198       0x96 contiki-sky.a(nbr-table.o)
 .bss           0x0000222e       0x10 contiki-sky.a(uip-icmp6.o)
 .bss.destination_
                0x0000223e        0x2 /usr/local/msp430/bin/../lib/gcc/msp430/4.7.0/../../../../msp430/lib/mmpy-16/libc.a(sprintf.o)
 .bss.available_
                0x00002240        0x2 /usr/local/msp430/bin/../lib/gcc/msp430/4.7.0/../../../../msp430/lib/mmpy-16/libc.a(sprintf.o)
 *(.near.bss .near.bss.*)
 *(COMMON)
 COMMON         0x00002242        0x4 res-server.co
                0x00002242                temperature
                0x00002244                rh
 COMMON         0x00002246        0x8 contiki-sky.a(rimeaddr.o)
                0x00002246                rimeaddr_node_addr
 COMMON         0x0000224e        0x1 contiki-sky.a(process.o)
                0x0000224e                process_maxevents
 *fill*         0x0000224f        0x1 00
 COMMON         0x00002250       0x56 contiki-sky.a(energest.o)
                0x00002250                energest_total_time
                0x00002280                energest_total_count
                0x00002282                energest_current_mode
                0x0000228e                energest_current_time
 COMMON         0x000022a6       0x50 contiki-sky.a(packetbuf.o)
                0x000022a6                packetbuf_addrs
                0x000022c6                packetbuf_attrs
 COMMON         0x000022f6        0x8 contiki-sky.a(sicslowpan.o)
                0x000022f6                frag_sender
 COMMON         0x000022fe        0x1 contiki-sky.a(tcpip.o)
                0x000022fe                tcpip_event
 *fill*         0x000022ff        0x1 00
 COMMON         0x00002300      0x15c contiki-sky.a(uip-ds6.o)
                0x00002300                uip_ds6_timer_ra
                0x00002308                uip_ds6_if
                0x000023f4                uip_ds6_netif_addr_list_offset
                0x000023f5                uip_ds6_addr_size
                0x000023f6                uip_ds6_prefix_list
                0x00002450                uip_ds6_timer_periodic
 COMMON         0x0000245c      0x240 contiki-sky.a(uip6.o)
                0x0000245c                uip_len
                0x0000245e                uip_sappdata
                0x00002460                uip_lladdr
                0x00002468                uip_aligned_buf
                0x00002558                uip_flags
                0x0000255a                uip_next_hdr
                0x0000255c                uip_udp_conn
                0x0000255e                uip_appdata
                0x00002560                uip_conn
                0x00002562                uip_slen
                0x00002564                uip_udp_conns
 COMMON         0x0000269c        0x2 contiki-sky.a(contiki-sky-pla)
                0x0000269c                sensors_flags
 COMMON         0x0000269e        0x8 contiki-sky.a(ds2411.o)
                0x0000269e                ds2411_id
 COMMON         0x000026a6        0x1 contiki-sky.a(sensors.o)
                0x000026a6                sensors_event
 *fill*         0x000026a7        0x1 00
 COMMON         0x000026a8       0x14 contiki-sky.a(cc2420.o)
                0x000026a8                cc2420_last_rssi
                0x000026aa                cc2420_packets_read
                0x000026ac                cc2420_packets_seen
                0x000026ae                cc2420_sfd_start_time
                0x000026b0                cc2420_time_of_departure
                0x000026b2                cc2420_time_of_arrival
                0x000026b4                cc2420_last_correlation
                0x000026b6                cc2420_authority_level_of_sender
                0x000026b8                cc2420_sfd_counter
                0x000026ba                cc2420_sfd_end_time
 COMMON         0x000026bc        0x2 contiki-sky.a(msp430.o)
                0x000026bc                msp430_dco_required
 COMMON         0x000026be       0xbe contiki-sky.a(rpl-dag.o)
                0x000026be                default_instance
                0x000026c0                instance_table
                0x0000277c                . = ALIGN (0x2)
                0x0000277c                __bss_end = .
                0x00001554                __bss_size = SIZEOF (.bss)

.noinit         0x0000277c        0x2 load address 0x0000fdc0
                0x0000277c                . = ALIGN (0x2)
                0x0000277c                __noinit_start = .
 *(.noinit .noinit.*)
 .noinit.crt0   0x0000277c        0x2 /usr/local/msp430/bin/../lib/gcc/msp430/4.7.0/mmpy-16/libcrt0.a(__watchdog_support.o)
                0x0000277c                __wdt_clear_value
                0x0000277e                . = ALIGN (0x2)
                0x0000277e                __noinit_end = .
                0x0000277e                . = ALIGN (0x2)
                0x0000277e                _end = .

.infomem        0x00001000        0x0
                0x00001000                . = ALIGN (0x2)
 *(.infomem .infomem.*)

.infomemnobits  0x00001000        0x0
                0x00001000                . = ALIGN (0x2)
 *(.infomemnobits .infomemnobits.*)

.infoa          0x00001080        0x0
                0x00001080                . = ALIGN (0x2)
 *(.infoa .infoa.*)

.infob          0x00001000        0x0
                0x00001000                . = ALIGN (0x2)
 *(.infob .infob.*)

.infoc          0x00000000        0x0
                0x00000000                . = ALIGN (0x2)
 *(.infoc .infoc.*)

.infod          0x00000000        0x0
                0x00000000                . = ALIGN (0x2)
 *(.infod .infod.*)

.vectors        0x0000ffe0       0x20
                0x0000ffe0                __vectors_start = .
 *(.vectors*)
 .vectors       0x0000ffe0       0x20 /usr/local/msp430/bin/../lib/gcc/msp430/4.7.0/mmpy-16/crt0ivtbl16.o
                0x0000ffe0                __ivtbl_16
                0x00010000                _vectors_end = .

.fartext        0x00000000        0x0
                0x00000000                . = ALIGN (0x2)
 *(.fartext .fartext.*)

.far.text       0x00000000        0x0
                0x00000000                . = ALIGN (0x2)
 *(.far.text .far.text.*)

.far.rodata     0x00000000        0x0
                0x00000000                . = ALIGN (0x2)
 *(.far.rodata .far.rodata.*)
                0x00000000                . = ALIGN (0x2)
                0x00000000                _efartext = .

.far.data       0x00000000        0x0
                0x00000000                . = ALIGN (0x2)
                0x00000000                __far_data_start = .
 *(.far.data .far.data.*)
                0x00000000                . = ALIGN (0x2)
                0x00000000                _efardata = .
                0x00000000                __far_data_load_start = LOADADDR (.far.data)
                0x00000000                __far_data_size = SIZEOF (.far.data)

.far.bss        0x00000000        0x0
                0x00000000                . = ALIGN (0x2)
                0x00000000                __far_bss_start = .
 *(.far.bss .far.bss.*)
                0x00000000                . = ALIGN (0x2)
                0x00000000                __far_bss_end = .
                0x00000000                __far_bss_size = SIZEOF (.far.bss)
                0x00000000                . = ALIGN (0x2)
                0x00000000                _far_end = .

.profiler
 *(.profiler)

.stab
 *(.stab)

.stabstr
 *(.stabstr)

.stab.excl
 *(.stab.excl)

.stab.exclstr
 *(.stab.exclstr)

.stab.index
 *(.stab.index)

.stab.indexstr
 *(.stab.indexstr)

.comment        0x00000000       0x30
 *(.comment)
 .comment       0x00000000       0x30 res-server.co
                                 0x31 (size before relaxing)
 .comment       0x00000000       0x31 obj_sky/contiki-sky-main.o
 .comment       0x00000000       0x31 contiki-sky.a(rimeaddr.o)
 .comment       0x00000000       0x31 contiki-sky.a(nullrdc.o)
 .comment       0x00000000       0x31 contiki-sky.a(mac.o)
 .comment       0x00000000       0x31 contiki-sky.a(framer-802154.o)
 .comment       0x00000000       0x31 contiki-sky.a(csma.o)
 .comment       0x00000000       0x31 contiki-sky.a(process.o)
 .comment       0x00000000       0x31 contiki-sky.a(autostart.o)
 .comment       0x00000000       0x31 contiki-sky.a(memb.o)
 .comment       0x00000000       0x31 contiki-sky.a(timer.o)
 .comment       0x00000000       0x31 contiki-sky.a(list.o)
 .comment       0x00000000       0x31 contiki-sky.a(etimer.o)
 .comment       0x00000000       0x31 contiki-sky.a(ctimer.o)
 .comment       0x00000000       0x31 contiki-sky.a(energest.o)
 .comment       0x00000000       0x31 contiki-sky.a(rtimer.o)
 .comment       0x00000000       0x31 contiki-sky.a(random.o)
 .comment       0x00000000       0x31 contiki-sky.a(packetbuf.o)
 .comment       0x00000000       0x31 contiki-sky.a(queuebuf.o)
 .comment       0x00000000       0x31 contiki-sky.a(sicslowpan.o)
 .comment       0x00000000       0x31 contiki-sky.a(tcpip.o)
 .comment       0x00000000       0x31 contiki-sky.a(uip-ds6-route.o)
 .comment       0x00000000       0x31 contiki-sky.a(uip-ds6-nbr.o)
 .comment       0x00000000       0x31 contiki-sky.a(uip-ds6.o)
 .comment       0x00000000       0x31 contiki-sky.a(uip-nd6.o)
 .comment       0x00000000       0x31 contiki-sky.a(uip6.o)
 .comment       0x00000000       0x31 contiki-sky.a(er-coap-13.o)
 .comment       0x00000000       0x31 contiki-sky.a(er-coap-13-engi)
 .comment       0x00000000       0x31 contiki-sky.a(er-coap-13-tran)
 .comment       0x00000000       0x31 contiki-sky.a(er-coap-13-obse)
 .comment       0x00000000       0x31 contiki-sky.a(erbium.o)
 .comment       0x00000000       0x31 contiki-sky.a(contiki-sky-pla)
 .comment       0x00000000       0x31 contiki-sky.a(sht11-sensor.o)
 .comment       0x00000000       0x31 contiki-sky.a(button-sensor.o)
 .comment       0x00000000       0x31 contiki-sky.a(ds2411.o)
 .comment       0x00000000       0x31 contiki-sky.a(xmem.o)
 .comment       0x00000000       0x31 contiki-sky.a(node-id.o)
 .comment       0x00000000       0x31 contiki-sky.a(sensors.o)
 .comment       0x00000000       0x31 contiki-sky.a(cc2420.o)
 .comment       0x00000000       0x31 contiki-sky.a(cc2420-arch.o)
 .comment       0x00000000       0x31 contiki-sky.a(uart1.o)
 .comment       0x00000000       0x31 contiki-sky.a(uart1-putchar.o)
 .comment       0x00000000       0x31 contiki-sky.a(msp430.o)
 .comment       0x00000000       0x31 contiki-sky.a(clock.o)
 .comment       0x00000000       0x31 contiki-sky.a(leds.o)
 .comment       0x00000000       0x31 contiki-sky.a(leds-arch.o)
 .comment       0x00000000       0x31 contiki-sky.a(watchdog.o)
 .comment       0x00000000       0x31 contiki-sky.a(rtimer-arch.o)
 .comment       0x00000000       0x31 contiki-sky.a(frame802154.o)
 .comment       0x00000000       0x31 contiki-sky.a(rpl.o)
 .comment       0x00000000       0x31 contiki-sky.a(rpl-dag.o)
 .comment       0x00000000       0x31 contiki-sky.a(rpl-icmp6.o)
 .comment       0x00000000       0x31 contiki-sky.a(rpl-timers.o)
 .comment       0x00000000       0x31 contiki-sky.a(rpl-mrhof.o)
 .comment       0x00000000       0x31 contiki-sky.a(rpl-ext-header.)
 .comment       0x00000000       0x31 contiki-sky.a(stimer.o)
 .comment       0x00000000       0x31 contiki-sky.a(nbr-table.o)
 .comment       0x00000000       0x31 contiki-sky.a(uip-icmp6.o)
 .comment       0x00000000       0x31 contiki-sky.a(uip-udp-packet.)
 .comment       0x00000000       0x31 contiki-sky.a(sht11.o)
 .comment       0x00000000       0x31 contiki-sky.a(spi.o)
 .comment       0x00000000       0x31 /usr/local/msp430/bin/../lib/gcc/msp430/4.7.0/../../../../msp430/lib/mmpy-16/libc.a(printf.o)
 .comment       0x00000000       0x31 /usr/local/msp430/bin/../lib/gcc/msp430/4.7.0/../../../../msp430/lib/mmpy-16/libc.a(sprintf.o)
 .comment       0x00000000       0x31 /usr/local/msp430/bin/../lib/gcc/msp430/4.7.0/../../../../msp430/lib/mmpy-16/libc.a(vuprintf.o)
 .comment       0x00000000       0x31 /usr/local/msp430/bin/../lib/gcc/msp430/4.7.0/../../../../msp430/lib/mmpy-16/libc.a(puts.o)
 .comment       0x00000000       0x31 /usr/local/msp430/bin/../lib/gcc/msp430/4.7.0/../../../../msp430/lib/mmpy-16/libc.a(rand.o)
 .comment       0x00000000       0x31 /usr/local/msp430/bin/../lib/gcc/msp430/4.7.0/../../../../msp430/lib/mmpy-16/libc.a(strchr.o)